Component: ARM Compiler 5.06 update 6 (build 750) Tool: armlink [4d35ed]

==============================================================================

Section Cross References

    startup_stm32f103xe.o(RESET) refers to startup_stm32f103xe.o(STACK) for __initial_sp
    startup_stm32f103xe.o(RESET) refers to startup_stm32f103xe.o(.text) for Reset_Handler
    startup_stm32f103xe.o(RESET) refers to stm32f1xx_it.o(i.NMI_Handler) for NMI_Handler
    startup_stm32f103xe.o(RESET) refers to stm32f1xx_it.o(i.HardFault_Handler) for HardFault_Handler
    startup_stm32f103xe.o(RESET) refers to stm32f1xx_it.o(i.MemManage_Handler) for MemManage_Handler
    startup_stm32f103xe.o(RESET) refers to stm32f1xx_it.o(i.BusFault_Handler) for BusFault_Handler
    startup_stm32f103xe.o(RESET) refers to stm32f1xx_it.o(i.UsageFault_Handler) for UsageFault_Handler
    startup_stm32f103xe.o(RESET) refers to stm32f1xx_it.o(i.SVC_Handler) for SVC_Handler
    startup_stm32f103xe.o(RESET) refers to stm32f1xx_it.o(i.DebugMon_Handler) for DebugMon_Handler
    startup_stm32f103xe.o(RESET) refers to stm32f1xx_it.o(i.PendSV_Handler) for PendSV_Handler
    startup_stm32f103xe.o(RESET) refers to stm32f1xx_it.o(i.SysTick_Handler) for SysTick_Handler
    startup_stm32f103xe.o(RESET) refers to stm32f1xx_it.o(i.TIM2_IRQHandler) for TIM2_IRQHandler
    startup_stm32f103xe.o(RESET) refers to stm32f1xx_it.o(i.USART2_IRQHandler) for USART2_IRQHandler
    startup_stm32f103xe.o(RESET) refers to stm32f1xx_it.o(i.USART3_IRQHandler) for USART3_IRQHandler
    startup_stm32f103xe.o(RESET) refers to stm32f1xx_it.o(i.TIM6_IRQHandler) for TIM6_IRQHandler
    startup_stm32f103xe.o(.text) refers to system_stm32f1xx.o(i.SystemInit) for SystemInit
    startup_stm32f103xe.o(.text) refers to entry.o(.ARM.Collect$$$$00000000) for __main
    bsp_lifter.o(i.Lifter_Control) refers to tim.o(.bss) for htim1
    bsp_lifter.o(i.Lifter_Init) refers to stm32f1xx_hal_tim_ex.o(i.HAL_TIMEx_PWMN_Start) for HAL_TIMEx_PWMN_Start
    bsp_lifter.o(i.Lifter_Init) refers to stm32f1xx_hal_tim.o(i.HAL_TIM_PWM_Start) for HAL_TIM_PWM_Start
    bsp_lifter.o(i.Lifter_Init) refers to tim.o(.bss) for htim1
    bsp_lifter.o(i.Lifter_Stop) refers to stm32f1xx_hal_tim_ex.o(i.HAL_TIMEx_PWMN_Stop) for HAL_TIMEx_PWMN_Stop
    bsp_lifter.o(i.Lifter_Stop) refers to stm32f1xx_hal_tim.o(i.HAL_TIM_PWM_Stop) for HAL_TIM_PWM_Stop
    bsp_lifter.o(i.Lifter_Stop) refers to tim.o(.bss) for htim1
    bsp_lifter.o(i.PID_Init) refers to bsp_lifter.o(.bss) for .bss
    bsp_lifter.o(i.PID_Lifter) refers to ffltui.o(.text) for __aeabi_ui2f
    bsp_lifter.o(i.PID_Lifter) refers to fadd.o(.text) for __aeabi_fsub
    bsp_lifter.o(i.PID_Lifter) refers to fscalb.o(.text) for __ARM_scalbnf
    bsp_lifter.o(i.PID_Lifter) refers to fmul.o(.text) for __aeabi_fmul
    bsp_lifter.o(i.PID_Lifter) refers to ffixi.o(.text) for __aeabi_f2iz
    bsp_lifter.o(i.PID_Lifter) refers to f2d.o(.text) for __aeabi_f2d
    bsp_lifter.o(i.PID_Lifter) refers to printfa.o(i.__0printf) for __2printf
    bsp_lifter.o(i.PID_Lifter) refers to bsp_lifter.o(.bss) for .bss
    bsp_lifter.o(i.PID_Lifter) refers to main.o(.data) for countsum
    bsp_move.o(i.Move_Step) refers to stm32f1xx_hal_gpio.o(i.HAL_GPIO_WritePin) for HAL_GPIO_WritePin
    bsp_move.o(i.Move_Step) refers to stm32f1xx_hal_tim.o(i.HAL_TIM_OC_Start_IT) for HAL_TIM_OC_Start_IT
    bsp_move.o(i.Move_Step) refers to stm32f1xx_hal_tim.o(i.TIM_CCxChannelCmd) for TIM_CCxChannelCmd
    bsp_move.o(i.Move_Step) refers to stm32f1xx_hal_tim.o(i.HAL_TIM_OC_Stop_IT) for HAL_TIM_OC_Stop_IT
    bsp_move.o(i.Move_Step) refers to bsp_move.o(.data) for .data
    bsp_move.o(i.Move_Step) refers to main.o(.data) for step_to_run
    bsp_move.o(i.Move_Step) refers to tim.o(.bss) for htim2
    bsp_move.o(i.Move_Step) refers to main.o(.bss) for count
    bsp_move.o(i.Move_Step) refers to main.o(.bss) for num_callback
    bsp_servo.o(i.Catch_Control) refers to dfltui.o(.text) for __aeabi_ui2d
    bsp_servo.o(i.Catch_Control) refers to dmul.o(.text) for __aeabi_dmul
    bsp_servo.o(i.Catch_Control) refers to dadd.o(.text) for __aeabi_dadd
    bsp_servo.o(i.Catch_Control) refers to d2f.o(.text) for __aeabi_d2f
    bsp_servo.o(i.Catch_Control) refers to ffixui.o(.text) for __aeabi_f2uiz
    bsp_servo.o(i.Catch_Control) refers to tim.o(.bss) for htim3
    bsp_servo.o(i.Rotate_Control) refers to dfltui.o(.text) for __aeabi_ui2d
    bsp_servo.o(i.Rotate_Control) refers to dmul.o(.text) for __aeabi_dmul
    bsp_servo.o(i.Rotate_Control) refers to dadd.o(.text) for __aeabi_dadd
    bsp_servo.o(i.Rotate_Control) refers to d2f.o(.text) for __aeabi_d2f
    bsp_servo.o(i.Rotate_Control) refers to ffixui.o(.text) for __aeabi_f2uiz
    bsp_servo.o(i.Rotate_Control) refers to tim.o(.bss) for htim3
    bsp_servo.o(i.Servo_Init) refers to stm32f1xx_hal_tim.o(i.HAL_TIM_Base_Start) for HAL_TIM_Base_Start
    bsp_servo.o(i.Servo_Init) refers to stm32f1xx_hal_tim.o(i.HAL_TIM_PWM_Start) for HAL_TIM_PWM_Start
[...]
    .text                                    0x08000168   Section        0  llushr.o(.text)
    .text                                    0x08000188   Section        0  memseta.o(.text)
    .text                                    0x080001ac   Section        0  fadd.o(.text)
    .text                                    0x0800025c   Section        0  fmul.o(.text)
    .text                                    0x080002c0   Section        0  fdiv.o(.text)
    .text                                    0x0800033c   Section        0  fscalb.o(.text)
    .text                                    0x08000354   Section        0  dadd.o(.text)
    .text                                    0x080004a2   Section        0  dmul.o(.text)
    .text                                    0x08000586   Section        0  fflti.o(.text)
    .text                                    0x08000598   Section        0  dfltui.o(.text)
    .text                                    0x080005b2   Section        0  ffixi.o(.text)
    .text                                    0x080005e4   Section        0  ffixui.o(.text)
    .text                                    0x0800060c   Section        0  d2f.o(.text)
    .text                                    0x08000644   Section       20  cfcmple.o(.text)
    .text                                    0x08000658   Section        0  uidiv.o(.text)
    .text                                    0x08000684   Section        0  uldiv.o(.text)
    .text                                    0x080006e6   Section        0  llshl.o(.text)
    .text                                    0x08000704   Section        0  llsshr.o(.text)
    .text                                    0x08000728   Section        0  fepilogue.o(.text)
    .text                                    0x08000728   Section        0  iusefp.o(.text)
    .text                                    0x08000796   Section        0  frnd.o(.text)
    .text                                    0x080007d2   Section        0  depilogue.o(.text)
    .text                                    0x0800088c   Section        0  ddiv.o(.text)
    .text                                    0x0800096a   Section        0  dfixul.o(.text)
    .text                                    0x0800099c   Section       48  cdrcmple.o(.text)
    .text                                    0x080009cc   Section       36  init.o(.text)
    .text                                    0x080009f0   Section        0  __dczerorl2.o(.text)
    i.BusFault_Handler                       0x08000a46   Section        0  stm32f1xx_it.o(i.BusFault_Handler)
    i.CalculateSModelLine                    0x08000a48   Section        0  bsp_stepmotor.o(i.CalculateSModelLine)
    i.CatchWithMission1                      0x08000adc   Section        0  bsp_catch.o(i.CatchWithMission1)
    i.CatchWithMission2                      0x08000bd4   Section        0  bsp_catch.o(i.CatchWithMission2)
    i.CatchWithMission3                      0x08000d3c   Section        0  bsp_catch.o(i.CatchWithMission3)
    i.CatchWithOrder1                        0x08000e98   Section        0  bsp_catch.o(i.CatchWithOrder1)
    i.CatchWithOrder2                        0x08000f38   Section        0  bsp_catch.o(i.CatchWithOrder2)
    i.CatchWithOrder3                        0x08001004   Section        0  bsp_catch.o(i.CatchWithOrder3)
    i.Catch_Control                          0x080010d0   Section        0  bsp_servo.o(i.Catch_Control)
    i.DebugMon_Handler                       0x08001108   Section        0  stm32f1xx_it.o(i.DebugMon_Handler)
    i.Error_Handler                          0x0800110a   Section        0  main.o(i.Error_Handler)
    i.GetMotorPulse                          0x0800110c   Section        0  control.o(i.GetMotorPulse)
    i.HAL_DMA_Abort_IT                       0x08001120   Section        0  stm32f1xx_hal_dma.o(i.HAL_DMA_Abort_IT)
    i.HAL_Delay                              0x08001250   Section        0  stm32f1xx_hal.o(i.HAL_Delay)
    i.HAL_GPIO_Init                          0x08001274   Section        0  stm32f1xx_hal_gpio.o(i.HAL_GPIO_Init)
    i.HAL_GPIO_ReadPin                       0x0800146c   Section        0  stm32f1xx_hal_gpio.o(i.HAL_GPIO_ReadPin)
    i.HAL_GPIO_WritePin                      0x08001476   Section        0  stm32f1xx_hal_gpio.o(i.HAL_GPIO_WritePin)
    i.HAL_GetTick                            0x08001480   Section        0  stm32f1xx_hal.o(i.HAL_GetTick)
    i.HAL_I2C_Init                           0x0800148c   Section        0  stm32f1xx_hal_i2c.o(i.HAL_I2C_Init)
    i.HAL_I2C_Mem_Write                      0x08001614   Section        0  stm32f1xx_hal_i2c.o(i.HAL_I2C_Mem_Write)
    i.HAL_I2C_MspInit                        0x08001744   Section        0  i2c.o(i.HAL_I2C_MspInit)
    i.HAL_IncTick                            0x080017a0   Section        0  stm32f1xx_hal.o(i.HAL_IncTick)
    i.HAL_Init                               0x080017b0   Section        0  stm32f1xx_hal.o(i.HAL_Init)
    i.HAL_InitTick                           0x080017d4   Section        0  stm32f1xx_hal.o(i.HAL_InitTick)
    i.HAL_MspInit                            0x08001814   Section        0  stm32f1xx_hal_msp.o(i.HAL_MspInit)
    i.HAL_NVIC_EnableIRQ                     0x08001858   Section        0  stm32f1xx_hal_cortex.o(i.HAL_NVIC_EnableIRQ)
    i.HAL_NVIC_SetPriority                   0x08001874   Section        0  stm32f1xx_hal_cortex.o(i.HAL_NVIC_SetPriority)
    i.HAL_NVIC_SetPriorityGrouping           0x080018b4   Section        0  stm32f1xx_hal_cortex.o(i.HAL_NVIC_SetPriorityGrouping)
    i.HAL_RCC_ClockConfig                    0x080018d8   Section        0  stm32f1xx_hal_rcc.o(i.HAL_RCC_ClockConfig)
    i.HAL_RCC_GetPCLK1Freq                   0x08001a04   Section        0  stm32f1xx_hal_rcc.o(i.HAL_RCC_GetPCLK1Freq)
    i.HAL_RCC_GetPCLK2Freq                   0x08001a24   Section        0  stm32f1xx_hal_rcc.o(i.HAL_RCC_GetPCLK2Freq)
    i.HAL_RCC_GetSysClockFreq                0x08001a44   Section        0  stm32f1xx_hal_rcc.o(i.HAL_RCC_GetSysClockFreq)
    i.HAL_RCC_OscConfig                      0x08001ab0   Section        0  stm32f1xx_hal_rcc.o(i.HAL_RCC_OscConfig)
    i.HAL_SYSTICK_Config                     0x08001dd0   Section        0  stm32f1xx_hal_cortex.o(i.HAL_SYSTICK_Config)
    i.HAL_TIMEx_BreakCallback                0x08001df8   Section        0  stm32f1xx_hal_tim_ex.o(i.HAL_TIMEx_BreakCallback)
    i.HAL_TIMEx_CommutCallback               0x08001dfa   Section        0  stm32f1xx_hal_tim_ex.o(i.HAL_TIMEx_CommutCallback)
    i.HAL_TIMEx_ConfigBreakDeadTime          0x08001dfc   Section        0  stm32f1xx_hal_tim_ex.o(i.HAL_TIMEx_ConfigBreakDeadTime)
    i.HAL_TIMEx_MasterConfigSynchronization  0x08001e50   Section        0  stm32f1xx_hal_tim_ex.o(i.HAL_TIMEx_MasterConfigSynchronization)
    i.HAL_TIMEx_PWMN_Start                   0x08001ecc   Section        0  stm32f1xx_hal_tim_ex.o(i.HAL_TIMEx_PWMN_Start)
    i.HAL_TIM_Base_Init                      0x08001f78   Section        0  stm32f1xx_hal_tim.o(i.HAL_TIM_Base_Init)
    i.HAL_TIM_Base_MspInit                   0x08001fd4   Section        0  tim.o(i.HAL_TIM_Base_MspInit)
    i.HAL_TIM_Base_Start                     0x08002068   Section        0  stm32f1xx_hal_tim.o(i.HAL_TIM_Base_Start)
    i.HAL_TIM_Base_Start_IT                  0x080020cc   Section        0  stm32f1xx_hal_tim.o(i.HAL_TIM_Base_Start_IT)
    i.HAL_TIM_ConfigClockSource              0x08002138   Section        0  stm32f1xx_hal_tim.o(i.HAL_TIM_ConfigClockSource)
    i.HAL_TIM_Encoder_Init                   0x0800220e   Section        0  stm32f1xx_hal_tim.o(i.HAL_TIM_Encoder_Init)
    i.HAL_TIM_Encoder_MspInit                0x080022b4   Section        0  tim.o(i.HAL_TIM_Encoder_MspInit)
    i.HAL_TIM_Encoder_Start                  0x08002320   Section        0  stm32f1xx_hal_tim.o(i.HAL_TIM_Encoder_Start)
    i.HAL_TIM_IC_CaptureCallback             0x080023ae   Section        0  stm32f1xx_hal_tim.o(i.HAL_TIM_IC_CaptureCallback)
    i.HAL_TIM_IRQHandler                     0x080023b0   Section        0  stm32f1xx_hal_tim.o(i.HAL_TIM_IRQHandler)
    i.HAL_TIM_MspPostInit                    0x08002518   Section        0  tim.o(i.HAL_TIM_MspPostInit)
    i.HAL_TIM_OC_ConfigChannel               0x080025f8   Section        0  stm32f1xx_hal_tim.o(i.HAL_TIM_OC_ConfigChannel)
    i.HAL_TIM_OC_DelayElapsedCallback        0x08002644   Section        0  bsp_stepmotor.o(i.HAL_TIM_OC_DelayElapsedCallback)
    i.HAL_TIM_OC_Init                        0x08002c00   Section        0  stm32f1xx_hal_tim.o(i.HAL_TIM_OC_Init)
    i.HAL_TIM_OC_MspInit                     0x08002c5a   Section        0  stm32f1xx_hal_tim.o(i.HAL_TIM_OC_MspInit)
    i.HAL_TIM_OC_Start_IT                    0x08002c5c   Section        0  stm32f1xx_hal_tim.o(i.HAL_TIM_OC_Start_IT)
    i.HAL_TIM_OC_Stop_IT                     0x08002d38   Section        0  stm32f1xx_hal_tim.o(i.HAL_TIM_OC_Stop_IT)
    i.HAL_TIM_PWM_ConfigChannel              0x08002de8   Section        0  stm32f1xx_hal_tim.o(i.HAL_TIM_PWM_ConfigChannel)
    i.HAL_TIM_PWM_Init                       0x08002eae   Section        0  stm32f1xx_hal_tim.o(i.HAL_TIM_PWM_Init)
    i.HAL_TIM_PWM_MspInit                    0x08002f08   Section        0  stm32f1xx_hal_tim.o(i.HAL_TIM_PWM_MspInit)
    i.HAL_TIM_PWM_PulseFinishedCallback      0x08002f0a   Section        0  stm32f1xx_hal_tim.o(i.HAL_TIM_PWM_PulseFinishedCallback)
    i.HAL_TIM_PWM_Start                      0x08002f0c   Section        0  stm32f1xx_hal_tim.o(i.HAL_TIM_PWM_Start)
    i.HAL_TIM_PeriodElapsedCallback          0x08002fc0   Section        0  main.o(i.HAL_TIM_PeriodElapsedCallback)
    i.HAL_TIM_TriggerCallback                0x080035f4   Section        0  stm32f1xx_hal_tim.o(i.HAL_TIM_TriggerCallback)
    i.HAL_UART_ErrorCallback                 0x080035f6   Section        0  stm32f1xx_hal_uart.o(i.HAL_UART_ErrorCallback)
    i.HAL_UART_IRQHandler                    0x080035f8   Section        0  stm32f1xx_hal_uart.o(i.HAL_UART_IRQHandler)
    i.HAL_UART_Init                          0x08003754   Section        0  stm32f1xx_hal_uart.o(i.HAL_UART_Init)
    i.HAL_UART_MspInit                       0x080037b8   Section        0  usart.o(i.HAL_UART_MspInit)
    i.HAL_UART_Receive_IT                    0x080038f8   Section        0  stm32f1xx_hal_uart.o(i.HAL_UART_Receive_IT)
    i.HAL_UART_RxCpltCallback                0x0800394c   Section        0  main.o(i.HAL_UART_RxCpltCallback)
    i.HAL_UART_Transmit                      0x08003a3c   Section        0  stm32f1xx_hal_uart.o(i.HAL_UART_Transmit)
    i.HAL_UART_TxCpltCallback                0x08003aee   Section        0  stm32f1xx_hal_uart.o(i.HAL_UART_TxCpltCallback)
    i.HardFault_Handler                      0x08003af0   Section        0  stm32f1xx_it.o(i.HardFault_Handler)
    i.I2C_IsAcknowledgeFailed                0x08003af2   Section        0  stm32f1xx_hal_i2c.o(i.I2C_IsAcknowledgeFailed)
    I2C_IsAcknowledgeFailed                  0x08003af3   Thumb Code    46  stm32f1xx_hal_i2c.o(i.I2C_IsAcknowledgeFailed)
    i.I2C_RequestMemoryWrite                 0x08003b20   Section        0  stm32f1xx_hal_i2c.o(i.I2C_RequestMemoryWrite)
    I2C_RequestMemoryWrite                   0x08003b21   Thumb Code   162  stm32f1xx_hal_i2c.o(i.I2C_RequestMemoryWrite)
    i.I2C_WaitOnBTFFlagUntilTimeout          0x08003bc8   Section        0  stm32f1xx_hal_i2c.o(i.I2C_WaitOnBTFFlagUntilTimeout)
    I2C_WaitOnBTFFlagUntilTimeout            0x08003bc9   Thumb Code    76  stm32f1xx_hal_i2c.o(i.I2C_WaitOnBTFFlagUntilTimeout)
    i.I2C_WaitOnFlagUntilTimeout             0x08003c14   Section        0  stm32f1xx_hal_i2c.o(i.I2C_WaitOnFlagUntilTimeout)
    I2C_WaitOnFlagUntilTimeout               0x08003c15   Thumb Code   104  stm32f1xx_hal_i2c.o(i.I2C_WaitOnFlagUntilTimeout)
    i.I2C_WaitOnMasterAddressFlagUntilTimeout 0x08003c7c   Section        0  stm32f1xx_hal_i2c.o(i.I2C_WaitOnMasterAddressFlagUntilTimeout)
    I2C_WaitOnMasterAddressFlagUntilTimeout  0x08003c7d   Thumb Code   150  stm32f1xx_hal_i2c.o(i.I2C_WaitOnMasterAddressFlagUntilTimeout)
    i.I2C_WaitOnTXEFlagUntilTimeout          0x08003d12   Section        0  stm32f1xx_hal_i2c.o(i.I2C_WaitOnTXEFlagUntilTimeout)
    I2C_WaitOnTXEFlagUntilTimeout            0x08003d13   Thumb Code    76  stm32f1xx_hal_i2c.o(i.I2C_WaitOnTXEFlagUntilTimeout)
    i.Lifter_Control                         0x08003d60   Section        0  bsp_lifter.o(i.Lifter_Control)
    i.Lifter_Init                            0x08003d80   Section        0  bsp_lifter.o(i.Lifter_Init)
    i.MX_GPIO_Init                           0x08003d9c   Section        0  gpio.o(i.MX_GPIO_Init)
    i.MX_I2C1_Init                           0x08003ec0   Section        0  i2c.o(i.MX_I2C1_Init)
    i.MX_TIM1_Init                           0x08003f00   Section        0  tim.o(i.MX_TIM1_Init)
    i.MX_TIM2_Init                           0x08003fcc   Section        0  tim.o(i.MX_TIM2_Init)
    i.MX_TIM3_Init                           0x08004098   Section        0  tim.o(i.MX_TIM3_Init)
    i.MX_TIM4_Init                           0x08004144   Section        0  tim.o(i.MX_TIM4_Init)
    i.MX_TIM6_Init                           0x080041ac   Section        0  tim.o(i.MX_TIM6_Init)
    i.MX_USART1_UART_Init                    0x080041f0   Section        0  usart.o(i.MX_USART1_UART_Init)
    i.MX_USART2_UART_Init                    0x08004228   Section        0  usart.o(i.MX_USART2_UART_Init)
    i.MX_USART3_UART_Init                    0x08004260   Section        0  usart.o(i.MX_USART3_UART_Init)
    i.MemManage_Handler                      0x08004298   Section        0  stm32f1xx_it.o(i.MemManage_Handler)
    i.MoveBack                               0x0800429c   Section        0  bsp_catch.o(i.MoveBack)
    i.MoveBack2                              0x080042fc   Section        0  bsp_catch.o(i.MoveBack2)
    i.MoveBack3                              0x08004324   Section        0  bsp_catch.o(i.MoveBack3)
    i.Move_Step                              0x08004344   Section        0  bsp_move.o(i.Move_Step)
    i.NMI_Handler                            0x080044ac   Section        0  stm32f1xx_it.o(i.NMI_Handler)
    i.OLED_CLS                               0x080044ae   Section        0  oled.o(i.OLED_CLS)
    i.OLED_DrawBMP                           0x080044b4   Section        0  oled.o(i.OLED_DrawBMP)
    i.OLED_Fill                              0x080044f4   Section        0  oled.o(i.OLED_Fill)
    i.OLED_Init                              0x0800452c   Section        0  oled.o(i.OLED_Init)
    i.OLED_SetPos                            0x080045e0   Section        0  oled.o(i.OLED_SetPos)
    i.PendSV_Handler                         0x08004606   Section        0  stm32f1xx_it.o(i.PendSV_Handler)
    i.PutWithOrder1                          0x08004608   Section        0  bsp_catch.o(i.PutWithOrder1)
    i.PutWithOrder2                          0x080046a4   Section        0  bsp_catch.o(i.PutWithOrder2)
    i.PutWithOrder3                          0x08004764   Section        0  bsp_catch.o(i.PutWithOrder3)
    i.PutWithOrderCU1                        0x08004824   Section        0  bsp_catch.o(i.PutWithOrderCU1)
    i.PutWithOrderCU2                        0x080048c0   Section        0  bsp_catch.o(i.PutWithOrderCU2)
    i.PutWithOrderCU3                        0x08004980   Section        0  bsp_catch.o(i.PutWithOrderCU3)
    i.PutWithOrderCU4                        0x08004a3c   Section        0  bsp_catch.o(i.PutWithOrderCU4)
    i.PutWithOrderCU5                        0x08004ad8   Section        0  bsp_catch.o(i.PutWithOrderCU5)
    i.PutWithOrderCU6                        0x08004b98   Section        0  bsp_catch.o(i.PutWithOrderCU6)
    i.Rotate_Control                         0x08004c54   Section        0  bsp_servo.o(i.Rotate_Control)
    i.SVC_Handler                            0x08004c8c   Section        0  stm32f1xx_it.o(i.SVC_Handler)
    i.Servo_Init                             0x08004c90   Section        0  bsp_servo.o(i.Servo_Init)
    i.SpeedInnerControl                      0x08004cb0   Section        0  control.o(i.SpeedInnerControl)
    i.SysTick_Handler                        0x08004d44   Section        0  stm32f1xx_it.o(i.SysTick_Handler)
    i.SystemClock_Config                     0x08004d48   Section        0  main.o(i.SystemClock_Config)
    i.SystemInit                             0x08004d96   Section        0  system_stm32f1xx.o(i.SystemInit)
    i.TIM2_IRQHandler                        0x08004d98   Section        0  stm32f1xx_it.o(i.TIM2_IRQHandler)
    i.TIM6_IRQHandler                        0x08004da4   Section        0  stm32f1xx_it.o(i.TIM6_IRQHandler)
    i.TIM_Base_SetConfig                     0x08004db0   Section        0  stm32f1xx_hal_tim.o(i.TIM_Base_SetConfig)
    i.TIM_CCxChannelCmd                      0x08004e3c   Section        0  stm32f1xx_hal_tim.o(i.TIM_CCxChannelCmd)
    i.TIM_CCxNChannelCmd                     0x08004e56   Section        0  stm32f1xx_hal_tim_ex.o(i.TIM_CCxNChannelCmd)
    TIM_CCxNChannelCmd                       0x08004e57   Thumb Code    26  stm32f1xx_hal_tim_ex.o(i.TIM_CCxNChannelCmd)
    i.TIM_ETR_SetConfig                      0x08004e70   Section        0  stm32f1xx_hal_tim.o(i.TIM_ETR_SetConfig)
    i.TIM_ITRx_SetConfig                     0x08004e84   Section        0  stm32f1xx_hal_tim.o(i.TIM_ITRx_SetConfig)
    TIM_ITRx_SetConfig                       0x08004e85   Thumb Code    16  stm32f1xx_hal_tim.o(i.TIM_ITRx_SetConfig)
    i.TIM_OC1_SetConfig                      0x08004e94   Section        0  stm32f1xx_hal_tim.o(i.TIM_OC1_SetConfig)
    TIM_OC1_SetConfig                        0x08004e95   Thumb Code    88  stm32f1xx_hal_tim.o(i.TIM_OC1_SetConfig)
    i.TIM_OC2_SetConfig                      0x08004ef4   Section        0  stm32f1xx_hal_tim.o(i.TIM_OC2_SetConfig)
    i.TIM_OC3_SetConfig                      0x08004f60   Section        0  stm32f1xx_hal_tim.o(i.TIM_OC3_SetConfig)
    TIM_OC3_SetConfig                        0x08004f61   Thumb Code    96  stm32f1xx_hal_tim.o(i.TIM_OC3_SetConfig)
    i.TIM_OC4_SetConfig                      0x08004fc8   Section        0  stm32f1xx_hal_tim.o(i.TIM_OC4_SetConfig)
    TIM_OC4_SetConfig                        0x08004fc9   Thumb Code    70  stm32f1xx_hal_tim.o(i.TIM_OC4_SetConfig)
    i.TIM_TI1_ConfigInputStage               0x08005018   Section        0  stm32f1xx_hal_tim.o(i.TIM_TI1_ConfigInputStage)
    TIM_TI1_ConfigInputStage                 0x08005019   Thumb Code    34  stm32f1xx_hal_tim.o(i.TIM_TI1_ConfigInputStage)
    i.TIM_TI2_ConfigInputStage               0x0800503a   Section        0  stm32f1xx_hal_tim.o(i.TIM_TI2_ConfigInputStage)
    TIM_TI2_ConfigInputStage                 0x0800503b   Thumb Code    36  stm32f1xx_hal_tim.o(i.TIM_TI2_ConfigInputStage)
    i.UART_DMAAbortOnError                   0x0800505e   Section        0  stm32f1xx_hal_uart.o(i.UART_DMAAbortOnError)
    UART_DMAAbortOnError                     0x0800505f   Thumb Code    16  stm32f1xx_hal_uart.o(i.UART_DMAAbortOnError)
    i.UART_EndRxTransfer                     0x0800506e   Section        0  stm32f1xx_hal_uart.o(i.UART_EndRxTransfer)
    UART_EndRxTransfer                       0x0800506f   Thumb Code    28  stm32f1xx_hal_uart.o(i.UART_EndRxTransfer)
    i.UART_Receive_IT                        0x0800508a   Section        0  stm32f1xx_hal_uart.o(i.UART_Receive_IT)
    UART_Receive_IT                          0x0800508b   Thumb Code   140  stm32f1xx_hal_uart.o(i.UART_Receive_IT)
    i.UART_SetConfig                         0x08005118   Section        0  stm32f1xx_hal_uart.o(i.UART_SetConfig)
    UART_SetConfig                           0x08005119   Thumb Code   178  stm32f1xx_hal_uart.o(i.UART_SetConfig)
    i.UART_WaitOnFlagUntilTimeout            0x080051d0   Section        0  stm32f1xx_hal_uart.o(i.UART_WaitOnFlagUntilTimeout)
    UART_WaitOnFlagUntilTimeout              0x080051d1   Thumb Code   100  stm32f1xx_hal_uart.o(i.UART_WaitOnFlagUntilTimeout)
    i.USART2_IRQHandler                      0x08005234   Section        0  stm32f1xx_it.o(i.USART2_IRQHandler)
    i.USART3_IRQHandler                      0x08005240   Section        0  stm32f1xx_it.o(i.USART3_IRQHandler)
    i.UsageFault_Handler                     0x0800524c   Section        0  stm32f1xx_it.o(i.UsageFault_Handler)
    i.WriteCmd                               0x08005250   Section        0  oled.o(i.WriteCmd)
    i.WriteDat                               0x08005274   Section        0  oled.o(i.WriteDat)
    i.__0printf                              0x08005298   Section        0  printfa.o(i.__0printf)
    i.__ARM_fpclassifyf                      0x080052b8   Section        0  fpclassifyf.o(i.__ARM_fpclassifyf)
    i.__NVIC_SetPriority                     0x080052de   Section        0  stm32f1xx_hal_cortex.o(i.__NVIC_SetPriority)
    __NVIC_SetPriority                       0x080052df   Thumb Code    32  stm32f1xx_hal_cortex.o(i.__NVIC_SetPriority)
    i.__mathlib_flt_infnan                   0x080052fe   Section        0  funder.o(i.__mathlib_flt_infnan)
    i.__mathlib_flt_overflow                 0x08005304   Section        0  funder.o(i.__mathlib_flt_overflow)
    i.__mathlib_flt_underflow                0x0800530e   Section        0  funder.o(i.__mathlib_flt_underflow)
    i.__scatterload_copy                     0x08005318   Section       14  handlers.o(i.__scatterload_copy)
    i.__scatterload_null                     0x08005326   Section        2  handlers.o(i.__scatterload_null)
    i.__scatterload_zeroinit                 0x08005328   Section       14  handlers.o(i.__scatterload_zeroinit)
    i.__set_errno                            0x08005338   Section        0  errno.o(i.__set_errno)
    i._fp_digits                             0x08005344   Section        0  printfa.o(i._fp_digits)
    _fp_digits                               0x08005345   Thumb Code   366  printfa.o(i._fp_digits)
    i._printf_core                           0x080054c8   Section        0  printfa.o(i._printf_core)
    _printf_core                             0x080054c9   Thumb Code  1744  printfa.o(i._printf_core)
    i._printf_post_padding                   0x08005ba4   Section        0  printfa.o(i._printf_post_padding)
    _printf_post_padding                     0x08005ba5   Thumb Code    36  printfa.o(i._printf_post_padding)
    i._printf_pre_padding                    0x08005bc8   Section        0  printfa.o(i._printf_pre_padding)
    _printf_pre_padding                      0x08005bc9   Thumb Code    46  printfa.o(i._printf_pre_padding)
    i.expf                                   0x08005bf8   Section        0  expf.o(i.expf)
    i.fputc                                  0x08005d68   Section        0  usart.o(i.fputc)
    i.main                                   0x08005d80   Section        0  main.o(i.main)
    .constdata                               0x080060b0   Section       16  system_stm32f1xx.o(.constdata)
    .constdata                               0x080060c0   Section        8  system_stm32f1xx.o(.constdata)
    .constdata                               0x080060c8   Section       48  expf.o(.constdata)
    twotokover4top                           0x080060c8   Data          16  expf.o(.constdata)
    twotokover4bot                           0x080060d8   Data          16  expf.o(.constdata)
    twotokover4all                           0x080060e8   Data          16  expf.o(.constdata)
    .data                                    0x20000000   Section        1  bsp_move.o(.data)
    .data                                    0x20000004   Section       32  control.o(.data)
    .data                                    0x20000024   Section        4  control.o(.data)
    .data                                    0x20000028   Section      388  main.o(.data)
    .data                                    0x200001ac   Section       12  stm32f1xx_hal.o(.data)
    .data                                    0x200001b8   Section        4  system_stm32f1xx.o(.data)
    .data                                    0x200001bc   Section        4  stdout.o(.data)
    .data                                    0x200001c0   Section        4  errno.o(.data)
    _errno                                   0x200001c0   Data           4  errno.o(.data)
    .bss                                     0x200001c4   Section       16  main.o(.bss)
    .bss                                     0x200001d4   Section       16  main.o(.bss)
    .bss                                     0x200001e4   Section     6032  main.o(.bss)
    .bss                                     0x20001974   Section       84  i2c.o(.bss)
    .bss                                     0x200019c8   Section      360  tim.o(.bss)
    .bss                                     0x20001b30   Section      192  usart.o(.bss)
    STACK                                    0x20001bf0   Section     1024  startup_stm32f103xe.o(STACK)

    Global Symbols

    Symbol Name                              Value     Ov Type        Size  Object(Section)

    BuildAttributes$$THM_ISAv4$P$D$K$B$S$PE$A:L22UL41UL21$X:L11$S22US41US21$IEEE1$IW$USESV6$~STKCKD$USESV7$~SHL$OTIME$ROPI$IEEEX$EBA8$MICROLIB$REQ8$PRES8$EABIv2 0x00000000   Number         0  anon$$obj.o ABSOLUTE
    __ARM_use_no_argv                        0x00000000   Number         0  main.o ABSOLUTE
    _printf_a                                0x00000000   Number         0  stubs.o ABSOLUTE
    _printf_c                                0x00000000   Number         0  stubs.o ABSOLUTE
    _printf_charcount                        0x00000000   Number         0  stubs.o ABSOLUTE
    _printf_d                                0x00000000   Number         0  stubs.o ABSOLUTE
    _printf_e                                0x00000000   Number         0  stubs.o ABSOLUTE
    _printf_f                                0x00000000   Number         0  stubs.o ABSOLUTE
    _printf_flags                            0x00000000   Number         0  stubs.o ABSOLUTE
    _printf_fp_dec                           0x00000000   Number         0  stubs.o ABSOLUTE
    _printf_fp_hex                           0x00000000   Number         0  stubs.o ABSOLUTE
    _printf_g                                0x00000000   Number         0  stubs.o ABSOLUTE
    _printf_i                                0x00000000   Number         0  stubs.o ABSOLUTE
    _printf_int_dec                          0x00000000   Number         0  stubs.o ABSOLUTE
    _printf_l                                0x00000000   Number         0  stubs.o ABSOLUTE
    _printf_lc                               0x00000000   Number         0  stubs.o ABSOLUTE
    _printf_ll                               0x00000000   Number         0  stubs.o ABSOLUTE
    _printf_lld                              0x00000000   Number         0  stubs.o ABSOLUTE
    _printf_lli                              0x00000000   Number         0  stubs.o ABSOLUTE
    _printf_llo                              0x00000000   Number         0  stubs.o ABSOLUTE
    _printf_llu                              0x00000000   Number         0  stubs.o ABSOLUTE
    _printf_llx                              0x00000000   Number         0  stubs.o ABSOLUTE
    _printf_longlong_dec                     0x00000000   Number         0  stubs.o ABSOLUTE
    _printf_longlong_hex                     0x00000000   Number         0  stubs.o ABSOLUTE
    _printf_longlong_oct                     0x00000000   Number         0  stubs.o ABSOLUTE
    _printf_ls                               0x00000000   Number         0  stubs.o ABSOLUTE
    _printf_mbtowc                           0x00000000   Number         0  stubs.o ABSOLUTE
    _printf_n                                0x00000000   Number         0  stubs.o ABSOLUTE
    _printf_o                                0x00000000   Number         0  stubs.o ABSOLUTE
    _printf_p                                0x00000000   Number         0  stubs.o ABSOLUTE
    _printf_percent                          0x00000000   Number         0  stubs.o ABSOLUTE
    _printf_pre_padding                      0x00000000   Number         0  stubs.o ABSOLUTE
    _printf_return_value                     0x00000000   Number         0  stubs.o ABSOLUTE
    _printf_s                                0x00000000   Number         0  stubs.o ABSOLUTE
    _printf_sizespec                         0x00000000   Number         0  stubs.o ABSOLUTE
    _printf_str                              0x00000000   Number         0  stubs.o ABSOLUTE
    _printf_truncate_signed                  0x00000000   Number         0  stubs.o ABSOLUTE
    _printf_truncate_unsigned                0x00000000   Number         0  stubs.o ABSOLUTE
    _printf_u                                0x00000000   Number         0  stubs.o ABSOLUTE
    _printf_wc                               0x00000000   Number         0  stubs.o ABSOLUTE
    _printf_wctomb                           0x00000000   Number         0  stubs.o ABSOLUTE
    _printf_widthprec                        0x00000000   Number         0  stubs.o ABSOLUTE
    _printf_x                                0x00000000   Number         0  stubs.o ABSOLUTE
    __cpp_initialize__aeabi_                  - Undefined Weak Reference
    __cxa_finalize                            - Undefined Weak Reference
    _clock_init                               - Undefined Weak Reference
    _microlib_exit                            - Undefined Weak Reference
    __Vectors_Size                           0x00000130   Number         0  startup_stm32f103xe.o ABSOLUTE
    __Vectors                                0x08000000   Data           4  startup_stm32f103xe.o(RESET)
    __Vectors_End                            0x08000130   Data           0  startup_stm32f103xe.o(RESET)
    __main                                   0x08000131   Thumb Code     0  entry.o(.ARM.Collect$$$$00000000)
    _main_stk                                0x08000131   Thumb Code     0  entry2.o(.ARM.Collect$$$$00000001)
    _main_scatterload                        0x08000135   Thumb Code     0  entry5.o(.ARM.Collect$$$$00000004)
    __main_after_scatterload                 0x08000139   Thumb Code     0  entry5.o(.ARM.Collect$$$$00000004)
    _main_clock                              0x08000139   Thumb Code     0  entry7b.o(.ARM.Collect$$$$00000008)
    _main_cpp_init                           0x08000139   Thumb Code     0  entry8b.o(.ARM.Collect$$$$0000000A)
    _main_init                               0x08000139   Thumb Code     0  entry9a.o(.ARM.Collect$$$$0000000B)
    __rt_final_cpp                           0x08000141   Thumb Code     0  entry10a.o(.ARM.Collect$$$$0000000D)
    __rt_final_exit                          0x08000141   Thumb Code     0  entry11a.o(.ARM.Collect$$$$0000000F)
    Reset_Handler                            0x08000145   Thumb Code     8  startup_stm32f103xe.o(.text)
    ADC1_2_IRQHandler                        0x0800015f   Thumb Code     0  startup_stm32f103xe.o(.text)
    ADC3_IRQHandler                          0x0800015f   Thumb Code     0  startup_stm32f103xe.o(.text)
    CAN1_RX1_IRQHandler                      0x0800015f   Thumb Code     0  startup_stm32f103xe.o(.text)
    CAN1_SCE_IRQHandler                      0x0800015f   Thumb Code     0  startup_stm32f103xe.o(.text)
    DMA1_Channel1_IRQHandler                 0x0800015f   Thumb Code     0  startup_stm32f103xe.o(.text)
    DMA1_Channel2_IRQHandler                 0x0800015f   Thumb Code     0  startup_stm32f103xe.o(.text)
    DMA1_Channel3_IRQHandler                 0x0800015f   Thumb Code     0  startup_stm32f103xe.o(.text)
    DMA1_Channel4_IRQHandler                 0x0800015f   Thumb Code     0  startup_stm32f103xe.o(.text)
    DMA1_Channel5_IRQHandler                 0x0800015f   Thumb Code     0  startup_stm32f103xe.o(.text)
    DMA1_Channel6_IRQHandler                 0x0800015f   Thumb Code     0  startup_stm32f103xe.o(.text)
    DMA1_Channel7_IRQHandler                 0x0800015f   Thumb Code     0  startup_stm32f103xe.o(.text)
    DMA2_Channel1_IRQHandler                 0x0800015f   Thumb Code     0  startup_stm32f103xe.o(.text)
    DMA2_Channel2_IRQHandler                 0x0800015f   Thumb Code     0  startup_stm32f103xe.o(.text)
    DMA2_Channel3_IRQHandler                 0x0800015f   Thumb Code     0  startup_stm32f103xe.o(.text)
    DMA2_Channel4_5_IRQHandler               0x0800015f   Thumb Code     0  startup_stm32f103xe.o(.text)
    EXTI0_IRQHandler                         0x0800015f   Thumb Code     0  startup_stm32f103xe.o(.text)
    EXTI15_10_IRQHandler                     0x0800015f   Thumb Code     0  startup_stm32f103xe.o(.text)
    EXTI1_IRQHandler                         0x0800015f   Thumb Code     0  startup_stm32f103xe.o(.text)
    EXTI2_IRQHandler                         0x0800015f   Thumb Code     0  startup_stm32f103xe.o(.text)
    EXTI3_IRQHandler                         0x0800015f   Thumb Code     0  startup_stm32f103xe.o(.text)
    EXTI4_IRQHandler                         0x0800015f   Thumb Code     0  startup_stm32f103xe.o(.text)
    EXTI9_5_IRQHandler                       0x0800015f   Thumb Code     0  startup_stm32f103xe.o(.text)
    FLASH_IRQHandler                         0x0800015f   Thumb Code     0  startup_stm32f103xe.o(.text)
    FSMC_IRQHandler                          0x0800015f   Thumb Code     0  startup_stm32f103xe.o(.text)
    I2C1_ER_IRQHandler                       0x0800015f   Thumb Code     0  startup_stm32f103xe.o(.text)
    I2C1_EV_IRQHandler                       0x0800015f   Thumb Code     0  startup_stm32f103xe.o(.text)
    I2C2_ER_IRQHandler                       0x0800015f   Thumb Code     0  startup_stm32f103xe.o(.text)
    I2C2_EV_IRQHandler                       0x0800015f   Thumb Code     0  startup_stm32f103xe.o(.text)
    PVD_IRQHandler                           0x0800015f   Thumb Code     0  startup_stm32f103xe.o(.text)
    RCC_IRQHandler                           0x0800015f   Thumb Code     0  startup_stm32f103xe.o(.text)
    RTC_Alarm_IRQHandler                     0x0800015f   Thumb Code     0  startup_stm32f103xe.o(.text)
    RTC_IRQHandler                           0x0800015f   Thumb Code     0  startup_stm32f103xe.o(.text)
    SDIO_IRQHandler                          0x0800015f   Thumb Code     0  startup_stm32f103xe.o(.text)
    SPI1_IRQHandler                          0x0800015f   Thumb Code     0  startup_stm32f103xe.o(.text)
    SPI2_IRQHandler                          0x0800015f   Thumb Code     0  startup_stm32f103xe.o(.text)
    SPI3_IRQHandler                          0x0800015f   Thumb Code     0  startup_stm32f103xe.o(.text)
    TAMPER_IRQHandler                        0x0800015f   Thumb Code     0  startup_stm32f103xe.o(.text)
    TIM1_BRK_IRQHandler                      0x0800015f   Thumb Code     0  startup_stm32f103xe.o(.text)
    TIM1_CC_IRQHandler                       0x0800015f   Thumb Code     0  startup_stm32f103xe.o(.text)
    TIM1_TRG_COM_IRQHandler                  0x0800015f   Thumb Code     0  startup_stm32f103xe.o(.text)
    TIM1_UP_IRQHandler                       0x0800015f   Thumb Code     0  startup_stm32f103xe.o(.text)
    TIM3_IRQHandler                          0x0800015f   Thumb Code     0  startup_stm32f103xe.o(.text)
    TIM4_IRQHandler                          0x0800015f   Thumb Code     0  startup_stm32f103xe.o(.text)
    TIM5_IRQHandler                          0x0800015f   Thumb Code     0  startup_stm32f103xe.o(.text)
    TIM7_IRQHandler                          0x0800015f   Thumb Code     0  startup_stm32f103xe.o(.text)
    TIM8_BRK_IRQHandler                      0x0800015f   Thumb Code     0  startup_stm32f103xe.o(.text)
    TIM8_CC_IRQHandler                       0x0800015f   Thumb Code     0  startup_stm32f103xe.o(.text)
    TIM8_TRG_COM_IRQHandler                  0x0800015f   Thumb Code     0  startup_stm32f103xe.o(.text)
    TIM8_UP_IRQHandler                       0x0800015f   Thumb Code     0  startup_stm32f103xe.o(.text)
    UART4_IRQHandler                         0x0800015f   Thumb Code     0  startup_stm32f103xe.o(.text)
    UART5_IRQHandler                         0x0800015f   Thumb Code     0  startup_stm32f103xe.o(.text)
    USART1_IRQHandler                        0x0800015f   Thumb Code     0  startup_stm32f103xe.o(.text)
    USBWakeUp_IRQHandler                     0x0800015f   Thumb Code     0  startup_stm32f103xe.o(.text)
    USB_HP_CAN1_TX_IRQHandler                0x0800015f   Thumb Code     0  startup_stm32f103xe.o(.text)
    USB_LP_CAN1_RX0_IRQHandler               0x0800015f   Thumb Code     0  startup_stm32f103xe.o(.text)
    WWDG_IRQHandler                          0x0800015f   Thumb Code     0  startup_stm32f103xe.o(.text)
    __aeabi_llsr                             0x08000169   Thumb Code    32  llushr.o(.text)
    _ll_ushift_r                             0x08000169   Thumb Code     0  llushr.o(.text)
    __aeabi_memset                           0x08000189   Thumb Code    14  memseta.o(.text)
    __aeabi_memset4                          0x08000189   Thumb Code     0  memseta.o(.text)
    __aeabi_memset8                          0x08000189   Thumb Code     0  memseta.o(.text)
    __aeabi_memclr                           0x08000197   Thumb Code     4  memseta.o(.text)
    __aeabi_memclr4                          0x08000197   Thumb Code     0  memseta.o(.text)
    __aeabi_memclr8                          0x08000197   Thumb Code     0  memseta.o(.text)
    _memset$wrapper                          0x0800019b   Thumb Code    18  memseta.o(.text)
    __aeabi_fadd                             0x080001ad   Thumb Code   164  fadd.o(.text)
    __aeabi_fsub                             0x08000251   Thumb Code     6  fadd.o(.text)
    __aeabi_frsub                            0x08000257   Thumb Code     6  fadd.o(.text)
    __aeabi_fmul                             0x0800025d   Thumb Code   100  fmul.o(.text)
    __aeabi_fdiv                             0x080002c1   Thumb Code   124  fdiv.o(.text)
    __ARM_scalbnf                            0x0800033d   Thumb Code    24  fscalb.o(.text)
    scalbnf                                  0x0800033d   Thumb Code     0  fscalb.o(.text)
    __aeabi_dadd                             0x08000355   Thumb Code   322  dadd.o(.text)
    __aeabi_dsub                             0x08000497   Thumb Code     6  dadd.o(.text)
    __aeabi_drsub                            0x0800049d   Thumb Code     6  dadd.o(.text)
    __aeabi_dmul                             0x080004a3   Thumb Code   228  dmul.o(.text)
    __aeabi_i2f                              0x08000587   Thumb Code    18  fflti.o(.text)
    __aeabi_ui2d                             0x08000599   Thumb Code    26  dfltui.o(.text)
    __aeabi_f2iz                             0x080005b3   Thumb Code    50  ffixi.o(.text)
    __aeabi_f2uiz                            0x080005e5   Thumb Code    40  ffixui.o(.text)
    __aeabi_d2f                              0x0800060d   Thumb Code    56  d2f.o(.text)
    __aeabi_cfcmpeq                          0x08000645   Thumb Code     0  cfcmple.o(.text)
    __aeabi_cfcmple                          0x08000645   Thumb Code    20  cfcmple.o(.text)
    __aeabi_uidiv                            0x08000659   Thumb Code     0  uidiv.o(.text)
    __aeabi_uidivmod                         0x08000659   Thumb Code    44  uidiv.o(.text)
    __aeabi_uldivmod                         0x08000685   Thumb Code    98  uldiv.o(.text)
    __aeabi_llsl                             0x080006e7   Thumb Code    30  llshl.o(.text)
    _ll_shift_l                              0x080006e7   Thumb Code     0  llshl.o(.text)
    __aeabi_lasr                             0x08000705   Thumb Code    36  llsshr.o(.text)
    _ll_sshift_r                             0x08000705   Thumb Code     0  llsshr.o(.text)
    __I$use$fp                               0x08000729   Thumb Code     0  iusefp.o(.text)
    _float_round                             0x08000729   Thumb Code    18  fepilogue.o(.text)
    _float_epilogue                          0x0800073b   Thumb Code    92  fepilogue.o(.text)
    _frnd                                    0x08000797   Thumb Code    60  frnd.o(.text)
    _double_round                            0x080007d3   Thumb Code    30  depilogue.o(.text)
    _double_epilogue                         0x080007f1   Thumb Code   156  depilogue.o(.text)
    __aeabi_ddiv                             0x0800088d   Thumb Code   222  ddiv.o(.text)
    __aeabi_d2ulz                            0x0800096b   Thumb Code    48  dfixul.o(.text)
    __aeabi_cdrcmple                         0x0800099d   Thumb Code    48  cdrcmple.o(.text)
    __scatterload                            0x080009cd   Thumb Code    28  init.o(.text)
    __scatterload_rt2                        0x080009cd   Thumb Code     0  init.o(.text)
    __decompress                             0x080009f1   Thumb Code     0  __dczerorl2.o(.text)
    __decompress1                            0x080009f1   Thumb Code    86  __dczerorl2.o(.text)
    BusFault_Handler                         0x08000a47   Thumb Code     2  stm32f1xx_it.o(i.BusFault_Handler)
    CalculateSModelLine                      0x08000a49   Thumb Code   142  bsp_stepmotor.o(i.CalculateSModelLine)
    CatchWithMission1                        0x08000add   Thumb Code   230  bsp_catch.o(i.CatchWithMission1)
    CatchWithMission2                        0x08000bd5   Thumb Code   342  bsp_catch.o(i.CatchWithMission2)
    CatchWithMission3                        0x08000d3d   Thumb Code   330  bsp_catch.o(i.CatchWithMission3)
    CatchWithOrder1                          0x08000e99   Thumb Code   152  bsp_catch.o(i.CatchWithOrder1)
    CatchWithOrder2                          0x08000f39   Thumb Code   194  bsp_catch.o(i.CatchWithOrder2)
    CatchWithOrder3                          0x08001005   Thumb Code   194  bsp_catch.o(i.CatchWithOrder3)
    Catch_Control                            0x080010d1   Thumb Code    40  bsp_servo.o(i.Catch_Control)
    DebugMon_Handler                         0x08001109   Thumb Code     2  stm32f1xx_it.o(i.DebugMon_Handler)
    Error_Handler                            0x0800110b   Thumb Code     2  main.o(i.Error_Handler)
    GetMotorPulse                            0x0800110d   Thumb Code    12  control.o(i.GetMotorPulse)
    HAL_DMA_Abort_IT                         0x08001121   Thumb Code   296  stm32f1xx_hal_dma.o(i.HAL_DMA_Abort_IT)
    HAL_Delay                                0x08001251   Thumb Code    32  stm32f1xx_hal.o(i.HAL_Delay)
    HAL_GPIO_Init                            0x08001275   Thumb Code   462  stm32f1xx_hal_gpio.o(i.HAL_GPIO_Init)
    HAL_GPIO_ReadPin                         0x0800146d   Thumb Code    10  stm32f1xx_hal_gpio.o(i.HAL_GPIO_ReadPin)
    HAL_GPIO_WritePin                        0x08001477   Thumb Code    10  stm32f1xx_hal_gpio.o(i.HAL_GPIO_WritePin)
    HAL_GetTick                              0x08001481   Thumb Code     6  stm32f1xx_hal.o(i.HAL_GetTick)
    HAL_I2C_Init                             0x0800148d   Thumb Code   376  stm32f1xx_hal_i2c.o(i.HAL_I2C_Init)
    HAL_I2C_Mem_Write                        0x08001615   Thumb Code   294  stm32f1xx_hal_i2c.o(i.HAL_I2C_Mem_Write)
    HAL_I2C_MspInit                          0x08001745   Thumb Code    80  i2c.o(i.HAL_I2C_MspInit)
    HAL_IncTick                              0x080017a1   Thumb Code    12  stm32f1xx_hal.o(i.HAL_IncTick)
    HAL_Init                                 0x080017b1   Thumb Code    32  stm32f1xx_hal.o(i.HAL_Init)
    HAL_InitTick                             0x080017d5   Thumb Code    54  stm32f1xx_hal.o(i.HAL_InitTick)
    HAL_MspInit                              0x08001815   Thumb Code    58  stm32f1xx_hal_msp.o(i.HAL_MspInit)
    HAL_NVIC_EnableIRQ                       0x08001859   Thumb Code    26  stm32f1xx_hal_cortex.o(i.HAL_NVIC_EnableIRQ)
    HAL_NVIC_SetPriority                     0x08001875   Thumb Code    60  stm32f1xx_hal_cortex.o(i.HAL_NVIC_SetPriority)
    HAL_NVIC_SetPriorityGrouping             0x080018b5   Thumb Code    26  stm32f1xx_hal_cortex.o(i.HAL_NVIC_SetPriorityGrouping)
    HAL_RCC_ClockConfig                      0x080018d9   Thumb Code   280  stm32f1xx_hal_rcc.o(i.HAL_RCC_ClockConfig)
    HAL_RCC_GetPCLK1Freq                     0x08001a05   Thumb Code    20  stm32f1xx_hal_rcc.o(i.HAL_RCC_GetPCLK1Freq)
    HAL_RCC_GetPCLK2Freq                     0x08001a25   Thumb Code    20  stm32f1xx_hal_rcc.o(i.HAL_RCC_GetPCLK2Freq)
    HAL_RCC_GetSysClockFreq                  0x08001a45   Thumb Code    74  stm32f1xx_hal_rcc.o(i.HAL_RCC_GetSysClockFreq)
    HAL_RCC_OscConfig                        0x08001ab1   Thumb Code   778  stm32f1xx_hal_rcc.o(i.HAL_RCC_OscConfig)
    HAL_SYSTICK_Config                       0x08001dd1   Thumb Code    40  stm32f1xx_hal_cortex.o(i.HAL_SYSTICK_Config)
    HAL_TIMEx_BreakCallback                  0x08001df9   Thumb Code     2  stm32f1xx_hal_tim_ex.o(i.HAL_TIMEx_BreakCallback)
    HAL_TIMEx_CommutCallback                 0x08001dfb   Thumb Code     2  stm32f1xx_hal_tim_ex.o(i.HAL_TIMEx_CommutCallback)
    HAL_TIMEx_ConfigBreakDeadTime            0x08001dfd   Thumb Code    84  stm32f1xx_hal_tim_ex.o(i.HAL_TIMEx_ConfigBreakDeadTime)
    HAL_TIMEx_MasterConfigSynchronization    0x08001e51   Thumb Code   104  stm32f1xx_hal_tim_ex.o(i.HAL_TIMEx_MasterConfigSynchronization)
    HAL_TIMEx_PWMN_Start                     0x08001ecd   Thumb Code   152  stm32f1xx_hal_tim_ex.o(i.HAL_TIMEx_PWMN_Start)
    HAL_TIM_Base_Init                        0x08001f79   Thumb Code    90  stm32f1xx_hal_tim.o(i.HAL_TIM_Base_Init)
    HAL_TIM_Base_MspInit                     0x08001fd5   Thumb Code   130  tim.o(i.HAL_TIM_Base_MspInit)
    HAL_TIM_Base_Start                       0x08002069   Thumb Code    78  stm32f1xx_hal_tim.o(i.HAL_TIM_Base_Start)
    HAL_TIM_Base_Start_IT                    0x080020cd   Thumb Code    88  stm32f1xx_hal_tim.o(i.HAL_TIM_Base_Start_IT)
    HAL_TIM_ConfigClockSource                0x08002139   Thumb Code   214  stm32f1xx_hal_tim.o(i.HAL_TIM_ConfigClockSource)
    HAL_TIM_Encoder_Init                     0x0800220f   Thumb Code   164  stm32f1xx_hal_tim.o(i.HAL_TIM_Encoder_Init)
    HAL_TIM_Encoder_MspInit                  0x080022b5   Thumb Code    92  tim.o(i.HAL_TIM_Encoder_MspInit)
    HAL_TIM_Encoder_Start                    0x08002321   Thumb Code   142  stm32f1xx_hal_tim.o(i.HAL_TIM_Encoder_Start)
    HAL_TIM_IC_CaptureCallback               0x080023af   Thumb Code     2  stm32f1xx_hal_tim.o(i.HAL_TIM_IC_CaptureCallback)
    HAL_TIM_IRQHandler                       0x080023b1   Thumb Code   358  stm32f1xx_hal_tim.o(i.HAL_TIM_IRQHandler)
    HAL_TIM_MspPostInit                      0x08002519   Thumb Code   194  tim.o(i.HAL_TIM_MspPostInit)
    HAL_TIM_OC_ConfigChannel                 0x080025f9   Thumb Code    76  stm32f1xx_hal_tim.o(i.HAL_TIM_OC_ConfigChannel)
    HAL_TIM_OC_DelayElapsedCallback          0x08002645   Thumb Code  1468  bsp_stepmotor.o(i.HAL_TIM_OC_DelayElapsedCallback)
    HAL_TIM_OC_Init                          0x08002c01   Thumb Code    90  stm32f1xx_hal_tim.o(i.HAL_TIM_OC_Init)
    HAL_TIM_OC_MspInit                       0x08002c5b   Thumb Code     2  stm32f1xx_hal_tim.o(i.HAL_TIM_OC_MspInit)
    HAL_TIM_OC_Start_IT                      0x08002c5d   Thumb Code   200  stm32f1xx_hal_tim.o(i.HAL_TIM_OC_Start_IT)
    HAL_TIM_OC_Stop_IT                       0x08002d39   Thumb Code   166  stm32f1xx_hal_tim.o(i.HAL_TIM_OC_Stop_IT)
    HAL_TIM_PWM_ConfigChannel                0x08002de9   Thumb Code   198  stm32f1xx_hal_tim.o(i.HAL_TIM_PWM_ConfigChannel)
    HAL_TIM_PWM_Init                         0x08002eaf   Thumb Code    90  stm32f1xx_hal_tim.o(i.HAL_TIM_PWM_Init)
    HAL_TIM_PWM_MspInit                      0x08002f09   Thumb Code     2  stm32f1xx_hal_tim.o(i.HAL_TIM_PWM_MspInit)
    HAL_TIM_PWM_PulseFinishedCallback        0x08002f0b   Thumb Code     2  stm32f1xx_hal_tim.o(i.HAL_TIM_PWM_PulseFinishedCallback)
    HAL_TIM_PWM_Start                        0x08002f0d   Thumb Code   160  stm32f1xx_hal_tim.o(i.HAL_TIM_PWM_Start)
    HAL_TIM_PeriodElapsedCallback            0x08002fc1   Thumb Code  1576  main.o(i.HAL_TIM_PeriodElapsedCallback)
    HAL_TIM_TriggerCallback                  0x080035f5   Thumb Code     2  stm32f1xx_hal_tim.o(i.HAL_TIM_TriggerCallback)
    HAL_UART_ErrorCallback                   0x080035f7   Thumb Code     2  stm32f1xx_hal_uart.o(i.HAL_UART_ErrorCallback)
    HAL_UART_IRQHandler                      0x080035f9   Thumb Code   344  stm32f1xx_hal_uart.o(i.HAL_UART_IRQHandler)
    HAL_UART_Init                            0x08003755   Thumb Code    98  stm32f1xx_hal_uart.o(i.HAL_UART_Init)
    HAL_UART_MspInit                         0x080037b9   Thumb Code   286  usart.o(i.HAL_UART_MspInit)
    HAL_UART_Receive_IT                      0x080038f9   Thumb Code    82  stm32f1xx_hal_uart.o(i.HAL_UART_Receive_IT)
    HAL_UART_RxCpltCallback                  0x0800394d   Thumb Code   196  main.o(i.HAL_UART_RxCpltCallback)
    HAL_UART_Transmit                        0x08003a3d   Thumb Code   178  stm32f1xx_hal_uart.o(i.HAL_UART_Transmit)
    HAL_UART_TxCpltCallback                  0x08003aef   Thumb Code     2  stm32f1xx_hal_uart.o(i.HAL_UART_TxCpltCallback)
    HardFault_Handler                        0x08003af1   Thumb Code     2  stm32f1xx_it.o(i.HardFault_Handler)
    Lifter_Control                           0x08003d61   Thumb Code    28  bsp_lifter.o(i.Lifter_Control)
    Lifter_Init                              0x08003d81   Thumb Code    22  bsp_lifter.o(i.Lifter_Init)
    MX_GPIO_Init                             0x08003d9d   Thumb Code   266  gpio.o(i.MX_GPIO_Init)
    MX_I2C1_Init                             0x08003ec1   Thumb Code    50  i2c.o(i.MX_I2C1_Init)
    MX_TIM1_Init                             0x08003f01   Thumb Code   196  tim.o(i.MX_TIM1_Init)
    MX_TIM2_Init                             0x08003fcd   Thumb Code   200  tim.o(i.MX_TIM2_Init)
    MX_TIM3_Init                             0x08004099   Thumb Code   162  tim.o(i.MX_TIM3_Init)
    MX_TIM4_Init                             0x08004145   Thumb Code    96  tim.o(i.MX_TIM4_Init)
    MX_TIM6_Init                             0x080041ad   Thumb Code    60  tim.o(i.MX_TIM6_Init)
    MX_USART1_UART_Init                      0x080041f1   Thumb Code    48  usart.o(i.MX_USART1_UART_Init)
    MX_USART2_UART_Init                      0x08004229   Thumb Code    48  usart.o(i.MX_USART2_UART_Init)
    MX_USART3_UART_Init                      0x08004261   Thumb Code    48  usart.o(i.MX_USART3_UART_Init)
    MemManage_Handler                        0x08004299   Thumb Code     2  stm32f1xx_it.o(i.MemManage_Handler)
    MoveBack                                 0x0800429d   Thumb Code    86  bsp_catch.o(i.MoveBack)
    MoveBack2                                0x080042fd   Thumb Code    34  bsp_catch.o(i.MoveBack2)
    MoveBack3                                0x08004325   Thumb Code    28  bsp_catch.o(i.MoveBack3)
    Move_Step                                0x08004345   Thumb Code   332  bsp_move.o(i.Move_Step)
    NMI_Handler                              0x080044ad   Thumb Code     2  stm32f1xx_it.o(i.NMI_Handler)
    OLED_CLS                                 0x080044af   Thumb Code     6  oled.o(i.OLED_CLS)
    OLED_DrawBMP                             0x080044b5   Thumb Code    62  oled.o(i.OLED_DrawBMP)
    OLED_Fill                                0x080044f5   Thumb Code    56  oled.o(i.OLED_Fill)
    OLED_Init                                0x0800452d   Thumb Code   180  oled.o(i.OLED_Init)
    OLED_SetPos                              0x080045e1   Thumb Code    38  oled.o(i.OLED_SetPos)
    PendSV_Handler                           0x08004607   Thumb Code     2  stm32f1xx_it.o(i.PendSV_Handler)
    PutWithOrder1                            0x08004609   Thumb Code   148  bsp_catch.o(i.PutWithOrder1)
    PutWithOrder2                            0x080046a5   Thumb Code   184  bsp_catch.o(i.PutWithOrder2)
    PutWithOrder3                            0x08004765   Thumb Code   184  bsp_catch.o(i.PutWithOrder3)
    PutWithOrderCU1                          0x08004825   Thumb Code   148  bsp_catch.o(i.PutWithOrderCU1)
    PutWithOrderCU2                          0x080048c1   Thumb Code   184  bsp_catch.o(i.PutWithOrderCU2)
    PutWithOrderCU3                          0x08004981   Thumb Code   180  bsp_catch.o(i.PutWithOrderCU3)
    PutWithOrderCU4                          0x08004a3d   Thumb Code   148  bsp_catch.o(i.PutWithOrderCU4)
    PutWithOrderCU5                          0x08004ad9   Thumb Code   184  bsp_catch.o(i.PutWithOrderCU5)
    PutWithOrderCU6                          0x08004b99   Thumb Code   178  bsp_catch.o(i.PutWithOrderCU6)
    Rotate_Control                           0x08004c55   Thumb Code    40  bsp_servo.o(i.Rotate_Control)
    SVC_Handler                              0x08004c8d   Thumb Code     2  stm32f1xx_it.o(i.SVC_Handler)
    Servo_Init                               0x08004c91   Thumb Code    28  bsp_servo.o(i.Servo_Init)
    SpeedInnerControl                        0x08004cb1   Thumb Code   144  control.o(i.SpeedInnerControl)
    SysTick_Handler                          0x08004d45   Thumb Code     4  stm32f1xx_it.o(i.SysTick_Handler)
    SystemClock_Config                       0x08004d49   Thumb Code    78  main.o(i.SystemClock_Config)
    SystemInit                               0x08004d97   Thumb Code     2  system_stm32f1xx.o(i.SystemInit)
    TIM2_IRQHandler                          0x08004d99   Thumb Code     6  stm32f1xx_it.o(i.TIM2_IRQHandler)
    TIM6_IRQHandler                          0x08004da5   Thumb Code     6  stm32f1xx_it.o(i.TIM6_IRQHandler)
    TIM_Base_SetConfig                       0x08004db1   Thumb Code   120  stm32f1xx_hal_tim.o(i.TIM_Base_SetConfig)
    TIM_CCxChannelCmd                        0x08004e3d   Thumb Code    26  stm32f1xx_hal_tim.o(i.TIM_CCxChannelCmd)
    TIM_ETR_SetConfig                        0x08004e71   Thumb Code    20  stm32f1xx_hal_tim.o(i.TIM_ETR_SetConfig)
    TIM_OC2_SetConfig                        0x08004ef5   Thumb Code    98  stm32f1xx_hal_tim.o(i.TIM_OC2_SetConfig)
    USART2_IRQHandler                        0x08005235   Thumb Code     6  stm32f1xx_it.o(i.USART2_IRQHandler)
    USART3_IRQHandler                        0x08005241   Thumb Code     6  stm32f1xx_it.o(i.USART3_IRQHandler)
    UsageFault_Handler                       0x0800524d   Thumb Code     2  stm32f1xx_it.o(i.UsageFault_Handler)
    WriteCmd                                 0x08005251   Thumb Code    30  oled.o(i.WriteCmd)
    WriteDat                                 0x08005275   Thumb Code    30  oled.o(i.WriteDat)
    __0printf                                0x08005299   Thumb Code    22  printfa.o(i.__0printf)
    __1printf                                0x08005299   Thumb Code     0  printfa.o(i.__0printf)
    __2printf                                0x08005299   Thumb Code     0  printfa.o(i.__0printf)
    __c89printf                              0x08005299   Thumb Code     0  printfa.o(i.__0printf)
    printf                                   0x08005299   Thumb Code     0  printfa.o(i.__0printf)
    __ARM_fpclassifyf                        0x080052b9   Thumb Code    38  fpclassifyf.o(i.__ARM_fpclassifyf)
    __mathlib_flt_infnan                     0x080052ff   Thumb Code     6  funder.o(i.__mathlib_flt_infnan)
    __mathlib_flt_overflow                   0x08005305   Thumb Code    10  funder.o(i.__mathlib_flt_overflow)
    __mathlib_flt_underflow                  0x0800530f   Thumb Code    10  funder.o(i.__mathlib_flt_underflow)
    __scatterload_copy                       0x08005319   Thumb Code    14  handlers.o(i.__scatterload_copy)
    __scatterload_null                       0x08005327   Thumb Code     2  handlers.o(i.__scatterload_null)
    __scatterload_zeroinit                   0x08005329   Thumb Code    14  handlers.o(i.__scatterload_zeroinit)
    __set_errno                              0x08005339   Thumb Code     6  errno.o(i.__set_errno)
    __mathlib_expf                           0x08005bf9   Thumb Code     0  expf.o(i.expf)
    expf                                     0x08005bf9   Thumb Code   322  expf.o(i.expf)
    fputc                                    0x08005d69   Thumb Code    18  usart.o(i.fputc)
    main                                     0x08005d81   Thumb Code   768  main.o(i.main)
    AHBPrescTable                            0x080060b0   Data          16  system_stm32f1xx.o(.constdata)
    APBPrescTable                            0x080060c0   Data           8  system_stm32f1xx.o(.constdata)
    Region$$Table$$Base                      0x080060f8   Number         0  anon$$obj.o(Region$$Table)
    Region$$Table$$Limit                     0x08006118   Number         0  anon$$obj.o(Region$$Table)
    k                                        0x20000000   Data           1  bsp_move.o(.data)
    Kp                                       0x20000004   Data           4  control.o(.data)
    Ki                                       0x20000008   Data           4  control.o(.data)
    Kd                                       0x2000000c   Data           4  control.o(.data)
    MotorSpeed                               0x20000010   Data           4  control.o(.data)
    Error_Last                               0x20000014   Data           4  control.o(.data)
    Error_Prev                               0x20000018   Data           4  control.o(.data)
    Pwm_add                                  0x2000001c   Data           4  control.o(.data)
    Pwm                                      0x20000020   Data           4  control.o(.data)
    MotorOutput                              0x20000024   Data           4  control.o(.data)
    ADmode                                   0x20000028   Data           1  main.o(.data)
    mission                                  0x20000029   Data           1  main.o(.data)
    i                                        0x2000002a   Data           1  main.o(.data)
    Openmvmission                            0x2000002b   Data           1  main.o(.data)
    j                                        0x2000002c   Data           1  main.o(.data)
    p                                        0x2000002d   Data           1  main.o(.data)
    o                                        0x2000002e   Data           1  main.o(.data)
    num                                      0x2000002f   Data           1  main.o(.data)
    change1                                  0x20000030   Data           1  main.o(.data)
    ADsign                                   0x20000031   Data           1  main.o(.data)
    sign                                     0x20000032   Data           1  main.o(.data)
    start_flag                               0x20000033   Data           1  main.o(.data)
    start_flag_PID                           0x20000034   Data           1  main.o(.data)
    uwDirection                              0x20000035   Data           1  main.o(.data)
    Order_buf                                0x20000036   Data           1  main.o(.data)
    missioncmd                               0x20000037   Data           1  main.o(.data)
    CaptureNumber                            0x20000038   Data           2  main.o(.data)
    countsum                                 0x2000003a   Data           2  main.o(.data)
    TrackData                                0x2000003c   Data           3  main.o(.data)
    status                                   0x2000003f   Data           4  main.o(.data)
    statusAD                                 0x20000043   Data           4  main.o(.data)
    error                                    0x20000048   Data           4  main.o(.data)
    Position                                 0x2000004c   Data           4  main.o(.data)
    CatchPosition                            0x20000050   Data           4  main.o(.data)
    mission_buf                              0x20000054   Data           7  main.o(.data)
    step_to_run                              0x2000005c   Data           8  main.o(.data)
    step_to_runAD                            0x20000064   Data           8  main.o(.data)
    BMP1                                     0x2000006c   Data          80  main.o(.data)
    BMP2                                     0x200000bc   Data          80  main.o(.data)
    BMP3                                     0x2000010c   Data          80  main.o(.data)
    BMPS                                     0x2000015c   Data          80  main.o(.data)
    uwTickFreq                               0x200001ac   Data           1  stm32f1xx_hal.o(.data)
    uwTickPrio                               0x200001b0   Data           4  stm32f1xx_hal.o(.data)
    uwTick                                   0x200001b4   Data           4  stm32f1xx_hal.o(.data)
    SystemCoreClock                          0x200001b8   Data           4  system_stm32f1xx.o(.data)
    __stdout                                 0x200001bc   Data           4  stdout.o(.data)
    count                                    0x200001c4   Data          16  main.o(.bss)
    num_callback                             0x200001d4   Data          16  main.o(.bss)
    countAD                                  0x200001e4   Data          16  main.o(.bss)
    num_callbackAD                           0x200001f4   Data          16  main.o(.bss)
    fre                                      0x20000204   Data        2400  main.o(.bss)
    period                                   0x20000b64   Data        1200  main.o(.bss)
    freAD                                    0x20001014   Data        1600  main.o(.bss)
    periodAD                                 0x20001654   Data         800  main.o(.bss)
    hi2c1                                    0x20001974   Data          84  i2c.o(.bss)
    htim1                                    0x200019c8   Data          72  tim.o(.bss)
    htim2                                    0x20001a10   Data          72  tim.o(.bss)
    htim3                                    0x20001a58   Data          72  tim.o(.bss)
    htim4                                    0x20001aa0   Data          72  tim.o(.bss)
    htim6                                    0x20001ae8   Data          72  tim.o(.bss)
    huart1                                   0x20001b30   Data          64  usart.o(.bss)
    huart2                                   0x20001b70   Data          64  usart.o(.bss)
    huart3                                   0x20001bb0   Data          64  usart.o(.bss)
    __initial_sp                             0x20001ff0   Data           0  startup_stm32f103xe.o(STACK)



==============================================================================

Memory Map of the image

  Image Entry point : 0x08000131

  Load Region LR_IROM1 (Base: 0x08000000, Size: 0x000062dc, Max: 0x00080000, ABSOLUTE, COMPRESSED[0x000061b0])

    Execution Region ER_IROM1 (Exec base: 0x08000000, Load base: 0x08000000, Size: 0x00006118, Max: 0x00080000, ABSOLUTE)

    Exec Addr    Load Addr    Size         Type   Attr      Idx    E Section Name        Object

    0x08000000   0x08000000   0x00000130   Data   RO            3    RESET               startup_stm32f103xe.o
    0x08000130   0x08000130   0x00000000   Code   RO         3751  * .ARM.Collect$$$$00000000  mc_w.l(entry.o)
    0x08000130   0x08000130   0x00000004   Code   RO         4063    .ARM.Collect$$$$00000001  mc_w.l(entry2.o)
    0x08000134   0x08000134   0x00000004   Code   RO         4066    .ARM.Collect$$$$00000004  mc_w.l(entry5.o)
    0x08000138   0x08000138   0x00000000   Code   RO         4068    .ARM.Collect$$$$00000008  mc_w.l(entry7b.o)
    0x08000138   0x08000138   0x00000000   Code   RO         4070    .ARM.Collect$$$$0000000A  mc_w.l(entry8b.o)
    0x08000138   0x08000138   0x00000008   Code   RO         4071    .ARM.Collect$$$$0000000B  mc_w.l(entry9a.o)
    0x08000140   0x08000140   0x00000000   Code   RO         4073    .ARM.Collect$$$$0000000D  mc_w.l(entry10a.o)
    0x08000140   0x08000140   0x00000000   Code   RO         4075    .ARM.Collect$$$$0000000F  mc_w.l(entry11a.o)
    0x08000140   0x08000140   0x00000004   Code   RO         4064    .ARM.Collect$$$$00002712  mc_w.l(entry2.o)
    0x08000144   0x08000144   0x00000024   Code   RO            4    .text               startup_stm32f103xe.o
    0x08000168   0x08000168   0x00000020   Code   RO         3754    .text               mc_w.l(llushr.o)
    0x08000188   0x08000188   0x00000024   Code   RO         3756    .text               mc_w.l(memseta.o)
    0x080001ac   0x080001ac   0x000000b0   Code   RO         4019    .text               mf_w.l(fadd.o)
    0x0800025c   0x0800025c   0x00000064   Code   RO         4021    .text               mf_w.l(fmul.o)
    0x080002c0   0x080002c0   0x0000007c   Code   RO         4023    .text               mf_w.l(fdiv.o)
    0x0800033c   0x0800033c   0x00000018   Code   RO         4025    .text               mf_w.l(fscalb.o)
    0x08000354   0x08000354   0x0000014e   Code   RO         4027    .text               mf_w.l(dadd.o)
    0x080004a2   0x080004a2   0x000000e4   Code   RO         4029    .text               mf_w.l(dmul.o)
    0x08000586   0x08000586   0x00000012   Code   RO         4031    .text               mf_w.l(fflti.o)
    0x08000598   0x08000598   0x0000001a   Code   RO         4035    .text               mf_w.l(dfltui.o)
    0x080005b2   0x080005b2   0x00000032   Code   RO         4037    .text               mf_w.l(ffixi.o)
    0x080005e4   0x080005e4   0x00000028   Code   RO         4039    .text               mf_w.l(ffixui.o)
    0x0800060c   0x0800060c   0x00000038   Code   RO         4043    .text               mf_w.l(d2f.o)
    0x08000644   0x08000644   0x00000014   Code   RO         4045    .text               mf_w.l(cfcmple.o)
    0x08000658   0x08000658   0x0000002c   Code   RO         4078    .text               mc_w.l(uidiv.o)
    0x08000684   0x08000684   0x00000062   Code   RO         4080    .text               mc_w.l(uldiv.o)
    0x080006e6   0x080006e6   0x0000001e   Code   RO         4082    .text               mc_w.l(llshl.o)
    0x08000704   0x08000704   0x00000024   Code   RO         4084    .text               mc_w.l(llsshr.o)
    0x08000728   0x08000728   0x00000000   Code   RO         4093    .text               mc_w.l(iusefp.o)
    0x08000728   0x08000728   0x0000006e   Code   RO         4094    .text               mf_w.l(fepilogue.o)
    0x08000796   0x08000796   0x0000003c   Code   RO         4096    .text               mf_w.l(frnd.o)
    0x080007d2   0x080007d2   0x000000ba   Code   RO         4098    .text               mf_w.l(depilogue.o)
    0x0800088c   0x0800088c   0x000000de   Code   RO         4100    .text               mf_w.l(ddiv.o)
    0x0800096a   0x0800096a   0x00000030   Code   RO         4102    .text               mf_w.l(dfixul.o)
    0x0800099a   0x0800099a   0x00000002   PAD
    0x0800099c   0x0800099c   0x00000030   Code   RO         4104    .text               mf_w.l(cdrcmple.o)
    0x080009cc   0x080009cc   0x00000024   Code   RO         4108    .text               mc_w.l(init.o)
    0x080009f0   0x080009f0   0x00000056   Code   RO         4118    .text               mc_w.l(__dczerorl2.o)
    0x08000a46   0x08000a46   0x00000002   Code   RO          850    i.BusFault_Handler  stm32f1xx_it.o
    0x08000a48   0x08000a48   0x00000094   Code   RO          240    i.CalculateSModelLine  bsp_stepmotor.o
    0x08000adc   0x08000adc   0x000000f8   Code   RO          439    i.CatchWithMission1  bsp_catch.o
    0x08000bd4   0x08000bd4   0x00000168   Code   RO          440    i.CatchWithMission2  bsp_catch.o
    0x08000d3c   0x08000d3c   0x0000015c   Code   RO          441    i.CatchWithMission3  bsp_catch.o
    0x08000e98   0x08000e98   0x000000a0   Code   RO          442    i.CatchWithOrder1   bsp_catch.o
    0x08000f38   0x08000f38   0x000000cc   Code   RO          443    i.CatchWithOrder2   bsp_catch.o
    0x08001004   0x08001004   0x000000cc   Code   RO          444    i.CatchWithOrder3   bsp_catch.o
    0x080010d0   0x080010d0   0x00000038   Code   RO          201    i.Catch_Control     bsp_servo.o
    0x08001108   0x08001108   0x00000002   Code   RO          851    i.DebugMon_Handler  stm32f1xx_it.o
    0x0800110a   0x0800110a   0x00000002   Code   RO          569    i.Error_Handler     main.o
    0x0800110c   0x0800110c   0x00000014   Code   RO          275    i.GetMotorPulse     control.o
    0x08001120   0x08001120   0x00000130   Code   RO         1817    i.HAL_DMA_Abort_IT  stm32f1xx_hal_dma.o
    0x08001250   0x08001250   0x00000024   Code   RO         1444    i.HAL_Delay         stm32f1xx_hal.o
    0x08001274   0x08001274   0x000001f8   Code   RO         1752    i.HAL_GPIO_Init     stm32f1xx_hal_gpio.o
    0x0800146c   0x0800146c   0x0000000a   Code   RO         1754    i.HAL_GPIO_ReadPin  stm32f1xx_hal_gpio.o
    0x08001476   0x08001476   0x0000000a   Code   RO         1756    i.HAL_GPIO_WritePin  stm32f1xx_hal_gpio.o
    0x08001480   0x08001480   0x0000000c   Code   RO         1448    i.HAL_GetTick       stm32f1xx_hal.o
    0x0800148c   0x0800148c   0x00000188   Code   RO         1021    i.HAL_I2C_Init      stm32f1xx_hal_i2c.o
    0x08001614   0x08001614   0x00000130   Code   RO         1042    i.HAL_I2C_Mem_Write  stm32f1xx_hal_i2c.o
    0x08001744   0x08001744   0x0000005c   Code   RO          665    i.HAL_I2C_MspInit   i2c.o
    0x080017a0   0x080017a0   0x00000010   Code   RO         1454    i.HAL_IncTick       stm32f1xx_hal.o
    0x080017b0   0x080017b0   0x00000024   Code   RO         1455    i.HAL_Init          stm32f1xx_hal.o
    0x080017d4   0x080017d4   0x00000040   Code   RO         1456    i.HAL_InitTick      stm32f1xx_hal.o
    0x08001814   0x08001814   0x00000044   Code   RO          950    i.HAL_MspInit       stm32f1xx_hal_msp.o
    0x08001858   0x08001858   0x0000001a   Code   RO         1912    i.HAL_NVIC_EnableIRQ  stm32f1xx_hal_cortex.o
    0x08001872   0x08001872   0x00000002   PAD
    0x08001874   0x08001874   0x00000040   Code   RO         1918    i.HAL_NVIC_SetPriority  stm32f1xx_hal_cortex.o
    0x080018b4   0x080018b4   0x00000024   Code   RO         1919    i.HAL_NVIC_SetPriorityGrouping  stm32f1xx_hal_cortex.o
    0x080018d8   0x080018d8   0x0000012c   Code   RO         1612    i.HAL_RCC_ClockConfig  stm32f1xx_hal_rcc.o
    0x08001a04   0x08001a04   0x00000020   Code   RO         1619    i.HAL_RCC_GetPCLK1Freq  stm32f1xx_hal_rcc.o
    0x08001a24   0x08001a24   0x00000020   Code   RO         1620    i.HAL_RCC_GetPCLK2Freq  stm32f1xx_hal_rcc.o
    0x08001a44   0x08001a44   0x0000006c   Code   RO         1621    i.HAL_RCC_GetSysClockFreq  stm32f1xx_hal_rcc.o
    0x08001ab0   0x08001ab0   0x00000320   Code   RO         1624    i.HAL_RCC_OscConfig  stm32f1xx_hal_rcc.o
    0x08001dd0   0x08001dd0   0x00000028   Code   RO         1923    i.HAL_SYSTICK_Config  stm32f1xx_hal_cortex.o
    0x08001df8   0x08001df8   0x00000002   Code   RO         3118    i.HAL_TIMEx_BreakCallback  stm32f1xx_hal_tim_ex.o
    0x08001dfa   0x08001dfa   0x00000002   Code   RO         3119    i.HAL_TIMEx_CommutCallback  stm32f1xx_hal_tim_ex.o
    0x08001dfc   0x08001dfc   0x00000054   Code   RO         3121    i.HAL_TIMEx_ConfigBreakDeadTime  stm32f1xx_hal_tim_ex.o
    0x08001e50   0x08001e50   0x0000007c   Code   RO         3137    i.HAL_TIMEx_MasterConfigSynchronization  stm32f1xx_hal_tim_ex.o
    0x08001ecc   0x08001ecc   0x000000ac   Code   RO         3148    i.HAL_TIMEx_PWMN_Start  stm32f1xx_hal_tim_ex.o
    0x08001f78   0x08001f78   0x0000005a   Code   RO         2414    i.HAL_TIM_Base_Init  stm32f1xx_hal_tim.o
    0x08001fd2   0x08001fd2   0x00000002   PAD
    0x08001fd4   0x08001fd4   0x00000094   Code   RO          707    i.HAL_TIM_Base_MspInit  tim.o
    0x08002068   0x08002068   0x00000064   Code   RO         2417    i.HAL_TIM_Base_Start  stm32f1xx_hal_tim.o
    0x080020cc   0x080020cc   0x0000006c   Code   RO         2419    i.HAL_TIM_Base_Start_IT  stm32f1xx_hal_tim.o
    0x08002138   0x08002138   0x000000d6   Code   RO         2423    i.HAL_TIM_ConfigClockSource  stm32f1xx_hal_tim.o
    0x0800220e   0x0800220e   0x000000a4   Code   RO         2435    i.HAL_TIM_Encoder_Init  stm32f1xx_hal_tim.o
    0x080022b2   0x080022b2   0x00000002   PAD
    0x080022b4   0x080022b4   0x0000006c   Code   RO          709    i.HAL_TIM_Encoder_MspInit  tim.o
    0x08002320   0x08002320   0x0000008e   Code   RO         2438    i.HAL_TIM_Encoder_Start  stm32f1xx_hal_tim.o
    0x080023ae   0x080023ae   0x00000002   Code   RO         2448    i.HAL_TIM_IC_CaptureCallback  stm32f1xx_hal_tim.o
    0x080023b0   0x080023b0   0x00000166   Code   RO         2462    i.HAL_TIM_IRQHandler  stm32f1xx_hal_tim.o
    0x08002516   0x08002516   0x00000002   PAD
    0x08002518   0x08002518   0x000000e0   Code   RO          710    i.HAL_TIM_MspPostInit  tim.o
    0x080025f8   0x080025f8   0x0000004c   Code   RO         2463    i.HAL_TIM_OC_ConfigChannel  stm32f1xx_hal_tim.o
    0x08002644   0x08002644   0x000005bc   Code   RO          241    i.HAL_TIM_OC_DelayElapsedCallback  bsp_stepmotor.o
    0x08002c00   0x08002c00   0x0000005a   Code   RO         2467    i.HAL_TIM_OC_Init   stm32f1xx_hal_tim.o
    0x08002c5a   0x08002c5a   0x00000002   Code   RO         2469    i.HAL_TIM_OC_MspInit  stm32f1xx_hal_tim.o
    0x08002c5c   0x08002c5c   0x000000dc   Code   RO         2472    i.HAL_TIM_OC_Start_IT  stm32f1xx_hal_tim.o
    0x08002d38   0x08002d38   0x000000b0   Code   RO         2475    i.HAL_TIM_OC_Stop_IT  stm32f1xx_hal_tim.o
    0x08002de8   0x08002de8   0x000000c6   Code   RO         2486    i.HAL_TIM_PWM_ConfigChannel  stm32f1xx_hal_tim.o
    0x08002eae   0x08002eae   0x0000005a   Code   RO         2489    i.HAL_TIM_PWM_Init  stm32f1xx_hal_tim.o
    0x08002f08   0x08002f08   0x00000002   Code   RO         2491    i.HAL_TIM_PWM_MspInit  stm32f1xx_hal_tim.o
    0x08002f0a   0x08002f0a   0x00000002   Code   RO         2492    i.HAL_TIM_PWM_PulseFinishedCallback  stm32f1xx_hal_tim.o
    0x08002f0c   0x08002f0c   0x000000b4   Code   RO         2494    i.HAL_TIM_PWM_Start  stm32f1xx_hal_tim.o
    0x08002fc0   0x08002fc0   0x00000634   Code   RO          570    i.HAL_TIM_PeriodElapsedCallback  main.o
    0x080035f4   0x080035f4   0x00000002   Code   RO         2505    i.HAL_TIM_TriggerCallback  stm32f1xx_hal_tim.o
    0x080035f6   0x080035f6   0x00000002   Code   RO         3406    i.HAL_UART_ErrorCallback  stm32f1xx_hal_uart.o
    0x080035f8   0x080035f8   0x0000015c   Code   RO         3409    i.HAL_UART_IRQHandler  stm32f1xx_hal_uart.o
    0x08003754   0x08003754   0x00000062   Code   RO         3410    i.HAL_UART_Init     stm32f1xx_hal_uart.o
    0x080037b6   0x080037b6   0x00000002   PAD
    0x080037b8   0x080037b8   0x00000140   Code   RO          791    i.HAL_UART_MspInit  usart.o
    0x080038f8   0x080038f8   0x00000052   Code   RO         3415    i.HAL_UART_Receive_IT  stm32f1xx_hal_uart.o
    0x0800394a   0x0800394a   0x00000002   PAD
    0x0800394c   0x0800394c   0x000000f0   Code   RO          571    i.HAL_UART_RxCpltCallback  main.o
    0x08003a3c   0x08003a3c   0x000000b2   Code   RO         3418    i.HAL_UART_Transmit  stm32f1xx_hal_uart.o
    0x08003aee   0x08003aee   0x00000002   Code   RO         3421    i.HAL_UART_TxCpltCallback  stm32f1xx_hal_uart.o
    0x08003af0   0x08003af0   0x00000002   Code   RO          852    i.HardFault_Handler  stm32f1xx_it.o
    0x08003af2   0x08003af2   0x0000002e   Code   RO         1063    i.I2C_IsAcknowledgeFailed  stm32f1xx_hal_i2c.o
    0x08003b20   0x08003b20   0x000000a8   Code   RO         1074    i.I2C_RequestMemoryWrite  stm32f1xx_hal_i2c.o
    0x08003bc8   0x08003bc8   0x0000004c   Code   RO         1077    i.I2C_WaitOnBTFFlagUntilTimeout  stm32f1xx_hal_i2c.o
    0x08003c14   0x08003c14   0x00000068   Code   RO         1078    i.I2C_WaitOnFlagUntilTimeout  stm32f1xx_hal_i2c.o
    0x08003c7c   0x08003c7c   0x00000096   Code   RO         1079    i.I2C_WaitOnMasterAddressFlagUntilTimeout  stm32f1xx_hal_i2c.o
    0x08003d12   0x08003d12   0x0000004c   Code   RO         1081    i.I2C_WaitOnTXEFlagUntilTimeout  stm32f1xx_hal_i2c.o
    0x08003d5e   0x08003d5e   0x00000002   PAD
    0x08003d60   0x08003d60   0x00000020   Code   RO           13    i.Lifter_Control    bsp_lifter.o
    0x08003d80   0x08003d80   0x0000001c   Code   RO           14    i.Lifter_Init       bsp_lifter.o
    0x08003d9c   0x08003d9c   0x00000124   Code   RO          640    i.MX_GPIO_Init      gpio.o
    0x08003ec0   0x08003ec0   0x00000040   Code   RO          666    i.MX_I2C1_Init      i2c.o
    0x08003f00   0x08003f00   0x000000cc   Code   RO          711    i.MX_TIM1_Init      tim.o
    0x08003fcc   0x08003fcc   0x000000cc   Code   RO          712    i.MX_TIM2_Init      tim.o
    0x08004098   0x08004098   0x000000ac   Code   RO          713    i.MX_TIM3_Init      tim.o
    0x08004144   0x08004144   0x00000068   Code   RO          714    i.MX_TIM4_Init      tim.o
    0x080041ac   0x080041ac   0x00000044   Code   RO          715    i.MX_TIM6_Init      tim.o
    0x080041f0   0x080041f0   0x00000038   Code   RO          792    i.MX_USART1_UART_Init  usart.o
    0x08004228   0x08004228   0x00000038   Code   RO          793    i.MX_USART2_UART_Init  usart.o
    0x08004260   0x08004260   0x00000038   Code   RO          794    i.MX_USART3_UART_Init  usart.o
    0x08004298   0x08004298   0x00000002   Code   RO          853    i.MemManage_Handler  stm32f1xx_it.o
    0x0800429a   0x0800429a   0x00000002   PAD
    0x0800429c   0x0800429c   0x00000060   Code   RO          445    i.MoveBack          bsp_catch.o
    0x080042fc   0x080042fc   0x00000028   Code   RO          446    i.MoveBack2         bsp_catch.o
    0x08004324   0x08004324   0x00000020   Code   RO          447    i.MoveBack3         bsp_catch.o
    0x08004344   0x08004344   0x00000168   Code   RO          167    i.Move_Step         bsp_move.o
    0x080044ac   0x080044ac   0x00000002   Code   RO          854    i.NMI_Handler       stm32f1xx_it.o
    0x080044ae   0x080044ae   0x00000006   Code   RO          320    i.OLED_CLS          oled.o
    0x080044b4   0x080044b4   0x0000003e   Code   RO          321    i.OLED_DrawBMP      oled.o
    0x080044f2   0x080044f2   0x00000002   PAD
    0x080044f4   0x080044f4   0x00000038   Code   RO          322    i.OLED_Fill         oled.o
    0x0800452c   0x0800452c   0x000000b4   Code   RO          323    i.OLED_Init         oled.o
    0x080045e0   0x080045e0   0x00000026   Code   RO          326    i.OLED_SetPos       oled.o
    0x08004606   0x08004606   0x00000002   Code   RO          855    i.PendSV_Handler    stm32f1xx_it.o
    0x08004608   0x08004608   0x0000009c   Code   RO          448    i.PutWithOrder1     bsp_catch.o
    0x080046a4   0x080046a4   0x000000c0   Code   RO          449    i.PutWithOrder2     bsp_catch.o
    0x08004764   0x08004764   0x000000c0   Code   RO          450    i.PutWithOrder3     bsp_catch.o
    0x08004824   0x08004824   0x0000009c   Code   RO          451    i.PutWithOrderCU1   bsp_catch.o
    0x080048c0   0x080048c0   0x000000c0   Code   RO          452    i.PutWithOrderCU2   bsp_catch.o
    0x08004980   0x08004980   0x000000bc   Code   RO          453    i.PutWithOrderCU3   bsp_catch.o
    0x08004a3c   0x08004a3c   0x0000009c   Code   RO          454    i.PutWithOrderCU4   bsp_catch.o
    0x08004ad8   0x08004ad8   0x000000c0   Code   RO          455    i.PutWithOrderCU5   bsp_catch.o
    0x08004b98   0x08004b98   0x000000bc   Code   RO          456    i.PutWithOrderCU6   bsp_catch.o
    0x08004c54   0x08004c54   0x00000038   Code   RO          202    i.Rotate_Control    bsp_servo.o
    0x08004c8c   0x08004c8c   0x00000002   Code   RO          856    i.SVC_Handler       stm32f1xx_it.o
    0x08004c8e   0x08004c8e   0x00000002   PAD
    0x08004c90   0x08004c90   0x00000020   Code   RO          203    i.Servo_Init        bsp_servo.o
    0x08004cb0   0x08004cb0   0x00000094   Code   RO          277    i.SpeedInnerControl  control.o
    0x08004d44   0x08004d44   0x00000004   Code   RO          857    i.SysTick_Handler   stm32f1xx_it.o
    0x08004d48   0x08004d48   0x0000004e   Code   RO          572    i.SystemClock_Config  main.o
    0x08004d96   0x08004d96   0x00000002   Code   RO         3707    i.SystemInit        system_stm32f1xx.o
    0x08004d98   0x08004d98   0x0000000c   Code   RO          858    i.TIM2_IRQHandler   stm32f1xx_it.o
    0x08004da4   0x08004da4   0x0000000c   Code   RO          859    i.TIM6_IRQHandler   stm32f1xx_it.o
    0x08004db0   0x08004db0   0x0000008c   Code   RO         2507    i.TIM_Base_SetConfig  stm32f1xx_hal_tim.o
    0x08004e3c   0x08004e3c   0x0000001a   Code   RO         2508    i.TIM_CCxChannelCmd  stm32f1xx_hal_tim.o
    0x08004e56   0x08004e56   0x0000001a   Code   RO         3157    i.TIM_CCxNChannelCmd  stm32f1xx_hal_tim_ex.o
    0x08004e70   0x08004e70   0x00000014   Code   RO         2518    i.TIM_ETR_SetConfig  stm32f1xx_hal_tim.o
    0x08004e84   0x08004e84   0x00000010   Code   RO         2519    i.TIM_ITRx_SetConfig  stm32f1xx_hal_tim.o
    0x08004e94   0x08004e94   0x00000060   Code   RO         2520    i.TIM_OC1_SetConfig  stm32f1xx_hal_tim.o
    0x08004ef4   0x08004ef4   0x0000006c   Code   RO         2521    i.TIM_OC2_SetConfig  stm32f1xx_hal_tim.o
    0x08004f60   0x08004f60   0x00000068   Code   RO         2522    i.TIM_OC3_SetConfig  stm32f1xx_hal_tim.o
    0x08004fc8   0x08004fc8   0x00000050   Code   RO         2523    i.TIM_OC4_SetConfig  stm32f1xx_hal_tim.o
    0x08005018   0x08005018   0x00000022   Code   RO         2525    i.TIM_TI1_ConfigInputStage  stm32f1xx_hal_tim.o
    0x0800503a   0x0800503a   0x00000024   Code   RO         2527    i.TIM_TI2_ConfigInputStage  stm32f1xx_hal_tim.o
    0x0800505e   0x0800505e   0x00000010   Code   RO         3423    i.UART_DMAAbortOnError  stm32f1xx_hal_uart.o
    0x0800506e   0x0800506e   0x0000001c   Code   RO         3433    i.UART_EndRxTransfer  stm32f1xx_hal_uart.o
    0x0800508a   0x0800508a   0x0000008c   Code   RO         3435    i.UART_Receive_IT   stm32f1xx_hal_uart.o
    0x08005116   0x08005116   0x00000002   PAD
    0x08005118   0x08005118   0x000000b8   Code   RO         3436    i.UART_SetConfig    stm32f1xx_hal_uart.o
    0x080051d0   0x080051d0   0x00000064   Code   RO         3437    i.UART_WaitOnFlagUntilTimeout  stm32f1xx_hal_uart.o
    0x08005234   0x08005234   0x0000000c   Code   RO          860    i.USART2_IRQHandler  stm32f1xx_it.o
    0x08005240   0x08005240   0x0000000c   Code   RO          861    i.USART3_IRQHandler  stm32f1xx_it.o
    0x0800524c   0x0800524c   0x00000002   Code   RO          862    i.UsageFault_Handler  stm32f1xx_it.o
    0x0800524e   0x0800524e   0x00000002   PAD
    0x08005250   0x08005250   0x00000024   Code   RO          332    i.WriteCmd          oled.o
    0x08005274   0x08005274   0x00000024   Code   RO          333    i.WriteDat          oled.o
    0x08005298   0x08005298   0x00000020   Code   RO         3991    i.__0printf         mc_w.l(printfa.o)
    0x080052b8   0x080052b8   0x00000026   Code   RO         4047    i.__ARM_fpclassifyf  m_ws.l(fpclassifyf.o)
    0x080052de   0x080052de   0x00000020   Code   RO         1925    i.__NVIC_SetPriority  stm32f1xx_hal_cortex.o
    0x080052fe   0x080052fe   0x00000006   Code   RO         4050    i.__mathlib_flt_infnan  m_ws.l(funder.o)
    0x08005304   0x08005304   0x0000000a   Code   RO         4053    i.__mathlib_flt_overflow  m_ws.l(funder.o)
    0x0800530e   0x0800530e   0x0000000a   Code   RO         4055    i.__mathlib_flt_underflow  m_ws.l(funder.o)
    0x08005318   0x08005318   0x0000000e   Code   RO         4112    i.__scatterload_copy  mc_w.l(handlers.o)
    0x08005326   0x08005326   0x00000002   Code   RO         4113    i.__scatterload_null  mc_w.l(handlers.o)
    0x08005328   0x08005328   0x0000000e   Code   RO         4114    i.__scatterload_zeroinit  mc_w.l(handlers.o)
    0x08005336   0x08005336   0x00000002   PAD
    0x08005338   0x08005338   0x0000000c   Code   RO         4088    i.__set_errno       mc_w.l(errno.o)
    0x08005344   0x08005344   0x00000184   Code   RO         3998    i._fp_digits        mc_w.l(printfa.o)
    0x080054c8   0x080054c8   0x000006dc   Code   RO         3999    i._printf_core      mc_w.l(printfa.o)
    0x08005ba4   0x08005ba4   0x00000024   Code   RO         4000    i._printf_post_padding  mc_w.l(printfa.o)
    0x08005bc8   0x08005bc8   0x0000002e   Code   RO         4001    i._printf_pre_padding  mc_w.l(printfa.o)
    0x08005bf6   0x08005bf6   0x00000002   PAD
    0x08005bf8   0x08005bf8   0x00000170   Code   RO         3742    i.expf              m_ws.l(expf.o)
    0x08005d68   0x08005d68   0x00000018   Code   RO          795    i.fputc             usart.o
    0x08005d80   0x08005d80   0x00000330   Code   RO          573    i.main              main.o
    0x080060b0   0x080060b0   0x00000010   Data   RO         3708    .constdata          system_stm32f1xx.o
    0x080060c0   0x080060c0   0x00000008   Data   RO         3709    .constdata          system_stm32f1xx.o
    0x080060c8   0x080060c8   0x00000030   Data   RO         3743    .constdata          m_ws.l(expf.o)
    0x080060f8   0x080060f8   0x00000020   Data   RO         4110    Region$$Table       anon$$obj.o


    Execution Region RW_IRAM1 (Exec base: 0x20000000, Load base: 0x08006118, Size: 0x00001ff0, Max: 0x00010000, ABSOLUTE, COMPRESSED[0x00000098])

    Exec Addr    Load Addr    Size         Type   Attr      Idx    E Section Name        Object

    0x20000000   COMPRESSED   0x00000001   Data   RW          168    .data               bsp_move.o
    0x20000001   COMPRESSED   0x00000003   PAD
    0x20000004   COMPRESSED   0x00000020   Data   RW          279    .data               control.o
    0x20000024   COMPRESSED   0x00000004   Data   RW          280    .data               control.o
    0x20000028   COMPRESSED   0x00000184   Data   RW          577    .data               main.o
    0x200001ac   COMPRESSED   0x0000000c   Data   RW         1462    .data               stm32f1xx_hal.o
    0x200001b8   COMPRESSED   0x00000004   Data   RW         3710    .data               system_stm32f1xx.o
    0x200001bc   COMPRESSED   0x00000004   Data   RW         4077    .data               mc_w.l(stdout.o)
    0x200001c0   COMPRESSED   0x00000004   Data   RW         4089    .data               mc_w.l(errno.o)
    0x200001c4        -       0x00000010   Zero   RW          574    .bss                main.o
    0x200001d4        -       0x00000010   Zero   RW          575    .bss                main.o
    0x200001e4        -       0x00001790   Zero   RW          576    .bss                main.o
    0x20001974        -       0x00000054   Zero   RW          667    .bss                i2c.o
    0x200019c8        -       0x00000168   Zero   RW          716    .bss                tim.o
    0x20001b30        -       0x000000c0   Zero   RW          796    .bss                usart.o
    0x20001bf0        -       0x00000400   Zero   RW            1    STACK               startup_stm32f103xe.o


==============================================================================

Image component sizes


      Code (inc. data)   RO Data    RW Data    ZI Data      Debug   Object Name

      3304        316          0          0          0      10697   bsp_catch.o
        60         10          0          0          0     494067   bsp_lifter.o
       360         34          0          1          0        944   bsp_move.o
       144         36          0          0          0       1418   bsp_servo.o
      1616         54          0          0          0       3555   bsp_stepmotor.o
       168         12          0         36          0       1508   control.o
       292         26          0          0          0       1031   gpio.o
       156         26          0          0         84       1557   i2c.o
      2724        120          0        388       6064       7194   main.o
       414         12          0          0          0       4087   oled.o
        36          8        304          0       1024        796   startup_stm32f103xe.o
       164         28          0         12          0       6437   stm32f1xx_hal.o
       198         14          0          0          0      28883   stm32f1xx_hal_cortex.o
       304          8          0          0          0       1151   stm32f1xx_hal_dma.o
       524         42          0          0          0       3503   stm32f1xx_hal_gpio.o
      1316         32          0          0          0       9099   stm32f1xx_hal_i2c.o
        68         10          0          0          0        826   stm32f1xx_hal_msp.o
      1272        100          0          0          0       5140   stm32f1xx_hal_rcc.o
      2876        148          0          0          0      21553   stm32f1xx_hal_tim.o
       410         40          0          0          0       4504   stm32f1xx_hal_tim_ex.o
      1178         10          0          0          0       8863   stm32f1xx_hal_uart.o
        68         24          0          0          0       5382   stm32f1xx_it.o
         2          0         24          4          0       1071   system_stm32f1xx.o
      1232        102          0          0        360       5838   tim.o
       512         64          0          0        192       3460   usart.o

    ----------------------------------------------------------------------
     19422       1276        360        444       7724     632564   Object Totals
         0          0         32          0          0          0   (incl. Generated)
        24          0          0          3          0          0   (incl. Padding)

    ----------------------------------------------------------------------

      Code (inc. data)   RO Data    RW Data    ZI Data      Debug   Library Member Name

       368         46         48          0          0        156   expf.o
        38          0          0          0          0         68   fpclassifyf.o
        26          0          0          0          0        204   funder.o
        86          0          0          0          0          0   __dczerorl2.o
         0          0          0          0          0          0   entry.o
         0          0          0          0          0          0   entry10a.o
         0          0          0          0          0          0   entry11a.o
         8          4          0          0          0          0   entry2.o
         4          0          0          0          0          0   entry5.o
         0          0          0          0          0          0   entry7b.o
         0          0          0          0          0          0   entry8b.o
         8          4          0          0          0          0   entry9a.o
        12          6          0          4          0         68   errno.o
        30          0          0          0          0          0   handlers.o
        36          8          0          0          0         68   init.o
         0          0          0          0          0          0   iusefp.o
        30          0          0          0          0         68   llshl.o
        36          0          0          0          0         68   llsshr.o
        32          0          0          0          0         68   llushr.o
        36          0          0          0          0        108   memseta.o
      2258         90          0          0          0        452   printfa.o
         0          0          0          4          0          0   stdout.o
        44          0          0          0          0         80   uidiv.o
        98          0          0          0          0         92   uldiv.o
        48          0          0          0          0         68   cdrcmple.o
        20          0          0          0          0         68   cfcmple.o
        56          0          0          0          0         88   d2f.o
       334          0          0          0          0        148   dadd.o
       222          0          0          0          0        100   ddiv.o
       186          0          0          0          0        176   depilogue.o
        48          0          0          0          0         68   dfixul.o
        26          0          0          0          0         76   dfltui.o
       228          0          0          0          0         96   dmul.o
       176          0          0          0          0        140   fadd.o
       124          0          0          0          0         88   fdiv.o
       110          0          0          0          0        168   fepilogue.o
        50          0          0          0          0         68   ffixi.o
        40          0          0          0          0         68   ffixui.o
        18          0          0          0          0         68   fflti.o
       100          0          0          0          0         76   fmul.o
        60          0          0          0          0         76   frnd.o
        24          0          0          0          0         68   fscalb.o

    ----------------------------------------------------------------------
      5026        158         48          8          0       3208   Library Totals
         6          0          0          0          0          0   (incl. Padding)

    ----------------------------------------------------------------------

      Code (inc. data)   RO Data    RW Data    ZI Data      Debug   Library Name

       432         46         48          0          0        428   m_ws.l
      2718        112          0          8          0       1072   mc_w.l
      1870          0          0          0          0       1708   mf_w.l

    ----------------------------------------------------------------------
      5026        158         48          8          0       3208   Library Totals

    ----------------------------------------------------------------------

==============================================================================


      Code (inc. data)   RO Data    RW Data    ZI Data      Debug   

     24448       1434        408        452       7724     626852   Grand Totals
     24448       1434        408        152       7724     626852   ELF Image Totals (compressed)
     24448       1434        408        152          0          0   ROM Totals

==============================================================================

    Total RO  Size (Code + RO Data)                24856 (  24.27kB)
    Total RW  Size (RW Data + ZI Data)              8176 (   7.98kB)
    Total ROM Size (Code + RO Data + RW Data)      25008 (  24.42kB)

==============================================================================

